../Drivers/STM32L4xx_HAL_Driver/Inc/stm32l4xx_ll_spi.h:439:22:LL_SPI_SetStandard	16	static
../Drivers/STM32L4xx_HAL_Driver/Inc/stm32l4xx_ll_spi.h:875:22:LL_SPI_EnableNSSPulseMgt	16	static
../Drivers/STM32L4xx_HAL_Driver/Inc/stm32l4xx_ll_gpio.h:956:22:LL_GPIO_SetOutputPin	16	static
../Drivers/STM32L4xx_HAL_Driver/Inc/stm32l4xx_ll_gpio.h:985:22:LL_GPIO_ResetOutputPin	16	static
../Drivers/STM32L4xx_HAL_Driver/Inc/stm32l4xx_ll_bus.h:563:22:LL_AHB2_GRP1_EnableClock	24	static
../Drivers/STM32L4xx_HAL_Driver/Inc/stm32l4xx_ll_bus.h:1673:22:LL_APB2_GRP1_EnableClock	24	static
../Core/Src/main.c:70:5:main	8	static
../Core/Src/main.c:118:6:SystemClock_Config	96	static
../Core/Src/main.c:169:13:MX_SPI1_Init	72	static
../Core/Src/main.c:224:13:MX_TIM7_Init	24	static
../Core/Src/main.c:262:13:MX_GPIO_Init	32	static
../Core/Src/main.c:342:6:Error_Handler	4	static,ignoring_inline_asm
