Archive member included to satisfy reference by file (symbol)

C:/ST/STM32CubeIDE_1.19.0/STM32CubeIDE/plugins/com.st.stm32cube.ide.mcu.externaltools.gnu-tools-for-stm32.13.3.rel1.win32_1.0.0.202411081344/tools/bin/../lib/gcc/arm-none-eabi/13.3.1/../../../../arm-none-eabi/lib/thumb/v7e-m+fp/hard\libc_nano.a(libc_a-assert.o)
                              ./Core/Repo/Src/SSD1306_SPI_Driver.o (__assert_func)
C:/ST/STM32CubeIDE_1.19.0/STM32CubeIDE/plugins/com.st.stm32cube.ide.mcu.externaltools.gnu-tools-for-stm32.13.3.rel1.win32_1.0.0.202411081344/tools/bin/../lib/gcc/arm-none-eabi/13.3.1/../../../../arm-none-eabi/lib/thumb/v7e-m+fp/hard\libc_nano.a(libc_a-exit.o)
                              C:/ST/STM32CubeIDE_1.19.0/STM32CubeIDE/plugins/com.st.stm32cube.ide.mcu.externaltools.gnu-tools-for-stm32.13.3.rel1.win32_1.0.0.202411081344/tools/bin/../lib/gcc/arm-none-eabi/13.3.1/../../../../arm-none-eabi/lib/thumb/v7e-m+fp/hard/crt0.o (exit)
C:/ST/STM32CubeIDE_1.19.0/STM32CubeIDE/plugins/com.st.stm32cube.ide.mcu.externaltools.gnu-tools-for-stm32.13.3.rel1.win32_1.0.0.202411081344/tools/bin/../lib/gcc/arm-none-eabi/13.3.1/../../../../arm-none-eabi/lib/thumb/v7e-m+fp/hard\libc_nano.a(libc_a-findfp.o)
                              C:/ST/STM32CubeIDE_1.19.0/STM32CubeIDE/plugins/com.st.stm32cube.ide.mcu.externaltools.gnu-tools-for-stm32.13.3.rel1.win32_1.0.0.202411081344/tools/bin/../lib/gcc/arm-none-eabi/13.3.1/../../../../arm-none-eabi/lib/thumb/v7e-m+fp/hard\libc_nano.a(libc_a-exit.o) (__stdio_exit_handler)
C:/ST/STM32CubeIDE_1.19.0/STM32CubeIDE/plugins/com.st.stm32cube.ide.mcu.externaltools.gnu-tools-for-stm32.13.3.rel1.win32_1.0.0.202411081344/tools/bin/../lib/gcc/arm-none-eabi/13.3.1/../../../../arm-none-eabi/lib/thumb/v7e-m+fp/hard\libc_nano.a(libc_a-fprintf.o)
                              C:/ST/STM32CubeIDE_1.19.0/STM32CubeIDE/plugins/com.st.stm32cube.ide.mcu.externaltools.gnu-tools-for-stm32.13.3.rel1.win32_1.0.0.202411081344/tools/bin/../lib/gcc/arm-none-eabi/13.3.1/../../../../arm-none-eabi/lib/thumb/v7e-m+fp/hard\libc_nano.a(libc_a-assert.o) (fiprintf)
C:/ST/STM32CubeIDE_1.19.0/STM32CubeIDE/plugins/com.st.stm32cube.ide.mcu.externaltools.gnu-tools-for-stm32.13.3.rel1.win32_1.0.0.202411081344/tools/bin/../lib/gcc/arm-none-eabi/13.3.1/../../../../arm-none-eabi/lib/thumb/v7e-m+fp/hard\libc_nano.a(libc_a-fwalk.o)
                              C:/ST/STM32CubeIDE_1.19.0/STM32CubeIDE/plugins/com.st.stm32cube.ide.mcu.externaltools.gnu-tools-for-stm32.13.3.rel1.win32_1.0.0.202411081344/tools/bin/../lib/gcc/arm-none-eabi/13.3.1/../../../../arm-none-eabi/lib/thumb/v7e-m+fp/hard\libc_nano.a(libc_a-findfp.o) (_fwalk_sglue)
C:/ST/STM32CubeIDE_1.19.0/STM32CubeIDE/plugins/com.st.stm32cube.ide.mcu.externaltools.gnu-tools-for-stm32.13.3.rel1.win32_1.0.0.202411081344/tools/bin/../lib/gcc/arm-none-eabi/13.3.1/../../../../arm-none-eabi/lib/thumb/v7e-m+fp/hard\libc_nano.a(libc_a-stdio.o)
                              C:/ST/STM32CubeIDE_1.19.0/STM32CubeIDE/plugins/com.st.stm32cube.ide.mcu.externaltools.gnu-tools-for-stm32.13.3.rel1.win32_1.0.0.202411081344/tools/bin/../lib/gcc/arm-none-eabi/13.3.1/../../../../arm-none-eabi/lib/thumb/v7e-m+fp/hard\libc_nano.a(libc_a-findfp.o) (__sread)
C:/ST/STM32CubeIDE_1.19.0/STM32CubeIDE/plugins/com.st.stm32cube.ide.mcu.externaltools.gnu-tools-for-stm32.13.3.rel1.win32_1.0.0.202411081344/tools/bin/../lib/gcc/arm-none-eabi/13.3.1/../../../../arm-none-eabi/lib/thumb/v7e-m+fp/hard\libc_nano.a(libc_a-memset.o)
                              C:/ST/STM32CubeIDE_1.19.0/STM32CubeIDE/plugins/com.st.stm32cube.ide.mcu.externaltools.gnu-tools-for-stm32.13.3.rel1.win32_1.0.0.202411081344/tools/bin/../lib/gcc/arm-none-eabi/13.3.1/../../../../arm-none-eabi/lib/thumb/v7e-m+fp/hard/crt0.o (memset)
C:/ST/STM32CubeIDE_1.19.0/STM32CubeIDE/plugins/com.st.stm32cube.ide.mcu.externaltools.gnu-tools-for-stm32.13.3.rel1.win32_1.0.0.202411081344/tools/bin/../lib/gcc/arm-none-eabi/13.3.1/../../../../arm-none-eabi/lib/thumb/v7e-m+fp/hard\libc_nano.a(libc_a-closer.o)
                              C:/ST/STM32CubeIDE_1.19.0/STM32CubeIDE/plugins/com.st.stm32cube.ide.mcu.externaltools.gnu-tools-for-stm32.13.3.rel1.win32_1.0.0.202411081344/tools/bin/../lib/gcc/arm-none-eabi/13.3.1/../../../../arm-none-eabi/lib/thumb/v7e-m+fp/hard\libc_nano.a(libc_a-stdio.o) (_close_r)
C:/ST/STM32CubeIDE_1.19.0/STM32CubeIDE/plugins/com.st.stm32cube.ide.mcu.externaltools.gnu-tools-for-stm32.13.3.rel1.win32_1.0.0.202411081344/tools/bin/../lib/gcc/arm-none-eabi/13.3.1/../../../../arm-none-eabi/lib/thumb/v7e-m+fp/hard\libc_nano.a(libc_a-reent.o)
                              C:/ST/STM32CubeIDE_1.19.0/STM32CubeIDE/plugins/com.st.stm32cube.ide.mcu.externaltools.gnu-tools-for-stm32.13.3.rel1.win32_1.0.0.202411081344/tools/bin/../lib/gcc/arm-none-eabi/13.3.1/../../../../arm-none-eabi/lib/thumb/v7e-m+fp/hard\libc_nano.a(libc_a-closer.o) (errno)
[...]
Memory Configuration

Name             Origin             Length             Attributes
RAM              0x20000000         0x0000c000         xrw
RAM2             0x10000000         0x00004000         xrw
FLASH            0x08000000         0x00040000         xr
*default*        0x00000000         0xffffffff

Linker script and memory map

LOAD C:/ST/STM32CubeIDE_1.19.0/STM32CubeIDE/plugins/com.st.stm32cube.ide.mcu.externaltools.gnu-tools-for-stm32.13.3.rel1.win32_1.0.0.202411081344/tools/bin/../lib/gcc/arm-none-eabi/13.3.1/thumb/v7e-m+fp/hard/crti.o
LOAD C:/ST/STM32CubeIDE_1.19.0/STM32CubeIDE/plugins/com.st.stm32cube.ide.mcu.externaltools.gnu-tools-for-stm32.13.3.rel1.win32_1.0.0.202411081344/tools/bin/../lib/gcc/arm-none-eabi/13.3.1/thumb/v7e-m+fp/hard/crtbegin.o
LOAD C:/ST/STM32CubeIDE_1.19.0/STM32CubeIDE/plugins/com.st.stm32cube.ide.mcu.externaltools.gnu-tools-for-stm32.13.3.rel1.win32_1.0.0.202411081344/tools/bin/../lib/gcc/arm-none-eabi/13.3.1/../../../../arm-none-eabi/lib/thumb/v7e-m+fp/hard/crt0.o
LOAD ./Core/Repo/Middlewares/ST/STM32_USB_Device_Library/Class/HID/Src/usbd_hid.o
LOAD ./Core/Repo/Middlewares/ST/STM32_USB_Device_Library/Core/Src/usbd_core.o
LOAD ./Core/Repo/Middlewares/ST/STM32_USB_Device_Library/Core/Src/usbd_ctlreq.o
LOAD ./Core/Repo/Middlewares/ST/STM32_USB_Device_Library/Core/Src/usbd_ioreq.o
LOAD ./Core/Repo/Src/ButtonDriver.o
LOAD ./Core/Repo/Src/InputDriver.o
LOAD ./Core/Repo/Src/Macros.o
LOAD ./Core/Repo/Src/SSD1306_SPI_Driver.o
LOAD ./Core/Repo/Src/StateDriver.o
LOAD ./Core/Repo/Src/SwitchDriver.o
LOAD ./Core/Repo/Src/cpp_main.o
LOAD ./Core/Repo/Src/ns_joystick.o
LOAD ./Core/Repo/Src/queue.o
LOAD ./Core/Repo/USB_DEVICE/App/usb_device.o
LOAD ./Core/Repo/USB_DEVICE/App/usbd_desc.o
LOAD ./Core/Repo/USB_DEVICE/Target/usbd_conf.o
LOAD ./Core/Src/main.o
LOAD ./Core/Src/stm32l4xx_hal_msp.o
LOAD ./Core/Src/stm32l4xx_it.o
LOAD ./Core/Src/syscalls.o
LOAD ./Core/Src/sysmem.o
LOAD ./Core/Src/system_stm32l4xx.o
LOAD ./Core/Startup/startup_stm32l432kcux.o
LOAD ./Drivers/STM32L4xx_HAL_Driver/Src/stm32l4xx_hal.o
LOAD ./Drivers/STM32L4xx_HAL_Driver/Src/stm32l4xx_hal_cortex.o
LOAD ./Drivers/STM32L4xx_HAL_Driver/Src/stm32l4xx_hal_dma.o
LOAD ./Drivers/STM32L4xx_HAL_Driver/Src/stm32l4xx_hal_dma_ex.o
LOAD ./Drivers/STM32L4xx_HAL_Driver/Src/stm32l4xx_hal_exti.o
LOAD ./Drivers/STM32L4xx_HAL_Driver/Src/stm32l4xx_hal_flash.o
LOAD ./Drivers/STM32L4xx_HAL_Driver/Src/stm32l4xx_hal_flash_ex.o
LOAD ./Drivers/STM32L4xx_HAL_Driver/Src/stm32l4xx_hal_flash_ramfunc.o
LOAD ./Drivers/STM32L4xx_HAL_Driver/Src/stm32l4xx_hal_gpio.o
LOAD ./Drivers/STM32L4xx_HAL_Driver/Src/stm32l4xx_hal_i2c.o
LOAD ./Drivers/STM32L4xx_HAL_Driver/Src/stm32l4xx_hal_i2c_ex.o
LOAD ./Drivers/STM32L4xx_HAL_Driver/Src/stm32l4xx_hal_pcd.o
LOAD ./Drivers/STM32L4xx_HAL_Driver/Src/stm32l4xx_hal_pcd_ex.o
LOAD ./Drivers/STM32L4xx_HAL_Driver/Src/stm32l4xx_hal_pwr.o
LOAD ./Drivers/STM32L4xx_HAL_Driver/Src/stm32l4xx_hal_pwr_ex.o
LOAD ./Drivers/STM32L4xx_HAL_Driver/Src/stm32l4xx_hal_rcc.o
LOAD ./Drivers/STM32L4xx_HAL_Driver/Src/stm32l4xx_hal_rcc_ex.o
LOAD ./Drivers/STM32L4xx_HAL_Driver/Src/stm32l4xx_hal_tim.o
LOAD ./Drivers/STM32L4xx_HAL_Driver/Src/stm32l4xx_hal_tim_ex.o
LOAD ./Drivers/STM32L4xx_HAL_Driver/Src/stm32l4xx_ll_dma.o
LOAD ./Drivers/STM32L4xx_HAL_Driver/Src/stm32l4xx_ll_exti.o
LOAD ./Drivers/STM32L4xx_HAL_Driver/Src/stm32l4xx_ll_gpio.o
LOAD ./Drivers/STM32L4xx_HAL_Driver/Src/stm32l4xx_ll_spi.o
LOAD ./Drivers/STM32L4xx_HAL_Driver/Src/stm32l4xx_ll_usb.o
LOAD ./Drivers/STM32L4xx_HAL_Driver/Src/stm32l4xx_ll_utils.o
START GROUP
LOAD C:/ST/STM32CubeIDE_1.19.0/STM32CubeIDE/plugins/com.st.stm32cube.ide.mcu.externaltools.gnu-tools-for-stm32.13.3.rel1.win32_1.0.0.202411081344/tools/bin/../lib/gcc/arm-none-eabi/13.3.1/../../../../arm-none-eabi/lib/thumb/v7e-m+fp/hard\libstdc++_nano.a
LOAD C:/ST/STM32CubeIDE_1.19.0/STM32CubeIDE/plugins/com.st.stm32cube.ide.mcu.externaltools.gnu-tools-for-stm32.13.3.rel1.win32_1.0.0.202411081344/tools/bin/../lib/gcc/arm-none-eabi/13.3.1/../../../../arm-none-eabi/lib/thumb/v7e-m+fp/hard\libsupc++_nano.a
END GROUP
LOAD C:/ST/STM32CubeIDE_1.19.0/STM32CubeIDE/plugins/com.st.stm32cube.ide.mcu.externaltools.gnu-tools-for-stm32.13.3.rel1.win32_1.0.0.202411081344/tools/bin/../lib/gcc/arm-none-eabi/13.3.1/../../../../arm-none-eabi/lib/thumb/v7e-m+fp/hard\libstdc++_nano.a
LOAD C:/ST/STM32CubeIDE_1.19.0/STM32CubeIDE/plugins/com.st.stm32cube.ide.mcu.externaltools.gnu-tools-for-stm32.13.3.rel1.win32_1.0.0.202411081344/tools/bin/../lib/gcc/arm-none-eabi/13.3.1/../../../../arm-none-eabi/lib/thumb/v7e-m+fp/hard\libm.a
LOAD C:/ST/STM32CubeIDE_1.19.0/STM32CubeIDE/plugins/com.st.stm32cube.ide.mcu.externaltools.gnu-tools-for-stm32.13.3.rel1.win32_1.0.0.202411081344/tools/bin/../lib/gcc/arm-none-eabi/13.3.1/../../../../arm-none-eabi/lib/thumb/v7e-m+fp/hard\libc_nano.a
START GROUP
LOAD C:/ST/STM32CubeIDE_1.19.0/STM32CubeIDE/plugins/com.st.stm32cube.ide.mcu.externaltools.gnu-tools-for-stm32.13.3.rel1.win32_1.0.0.202411081344/tools/bin/../lib/gcc/arm-none-eabi/13.3.1/thumb/v7e-m+fp/hard\libgcc.a
LOAD C:/ST/STM32CubeIDE_1.19.0/STM32CubeIDE/plugins/com.st.stm32cube.ide.mcu.externaltools.gnu-tools-for-stm32.13.3.rel1.win32_1.0.0.202411081344/tools/bin/../lib/gcc/arm-none-eabi/13.3.1/../../../../arm-none-eabi/lib/thumb/v7e-m+fp/hard\libc_nano.a
END GROUP
START GROUP
LOAD C:/ST/STM32CubeIDE_1.19.0/STM32CubeIDE/plugins/com.st.stm32cube.ide.mcu.externaltools.gnu-tools-for-stm32.13.3.rel1.win32_1.0.0.202411081344/tools/bin/../lib/gcc/arm-none-eabi/13.3.1/thumb/v7e-m+fp/hard\libgcc.a
LOAD C:/ST/STM32CubeIDE_1.19.0/STM32CubeIDE/plugins/com.st.stm32cube.ide.mcu.externaltools.gnu-tools-for-stm32.13.3.rel1.win32_1.0.0.202411081344/tools/bin/../lib/gcc/arm-none-eabi/13.3.1/../../../../arm-none-eabi/lib/thumb/v7e-m+fp/hard\libc_nano.a
LOAD C:/ST/STM32CubeIDE_1.19.0/STM32CubeIDE/plugins/com.st.stm32cube.ide.mcu.externaltools.gnu-tools-for-stm32.13.3.rel1.win32_1.0.0.202411081344/tools/bin/../lib/gcc/arm-none-eabi/13.3.1/../../../../arm-none-eabi/lib/thumb/v7e-m+fp/hard\libnosys.a
END GROUP
START GROUP
LOAD C:/ST/STM32CubeIDE_1.19.0/STM32CubeIDE/plugins/com.st.stm32cube.ide.mcu.externaltools.gnu-tools-for-stm32.13.3.rel1.win32_1.0.0.202411081344/tools/bin/../lib/gcc/arm-none-eabi/13.3.1/thumb/v7e-m+fp/hard\libgcc.a
LOAD C:/ST/STM32CubeIDE_1.19.0/STM32CubeIDE/plugins/com.st.stm32cube.ide.mcu.externaltools.gnu-tools-for-stm32.13.3.rel1.win32_1.0.0.202411081344/tools/bin/../lib/gcc/arm-none-eabi/13.3.1/../../../../arm-none-eabi/lib/thumb/v7e-m+fp/hard\libc_nano.a
LOAD C:/ST/STM32CubeIDE_1.19.0/STM32CubeIDE/plugins/com.st.stm32cube.ide.mcu.externaltools.gnu-tools-for-stm32.13.3.rel1.win32_1.0.0.202411081344/tools/bin/../lib/gcc/arm-none-eabi/13.3.1/../../../../arm-none-eabi/lib/thumb/v7e-m+fp/hard\libnosys.a
END GROUP
LOAD C:/ST/STM32CubeIDE_1.19.0/STM32CubeIDE/plugins/com.st.stm32cube.ide.mcu.externaltools.gnu-tools-for-stm32.13.3.rel1.win32_1.0.0.202411081344/tools/bin/../lib/gcc/arm-none-eabi/13.3.1/thumb/v7e-m+fp/hard/crtend.o
LOAD C:/ST/STM32CubeIDE_1.19.0/STM32CubeIDE/plugins/com.st.stm32cube.ide.mcu.externaltools.gnu-tools-for-stm32.13.3.rel1.win32_1.0.0.202411081344/tools/bin/../lib/gcc/arm-none-eabi/13.3.1/thumb/v7e-m+fp/hard/crtn.o
                0x2000c000                        _estack = (ORIGIN (RAM) + LENGTH (RAM))
                0x00000200                        _Min_Heap_Size = 0x200
                0x00000400                        _Min_Stack_Size = 0x400

.isr_vector     0x08000000      0x18c
                0x08000000                        . = ALIGN (0x4)
 *(.isr_vector)
 .isr_vector    0x08000000      0x18c ./Core/Startup/startup_stm32l432kcux.o
                0x08000000                g_pfnVectors
                0x0800018c                        . = ALIGN (0x4)

.text           0x08000190     0xb6e4
                0x08000190                        . = ALIGN (0x4)
 *(.text)
 .text          0x08000190       0x40 C:/ST/STM32CubeIDE_1.19.0/STM32CubeIDE/plugins/com.st.stm32cube.ide.mcu.externaltools.gnu-tools-for-stm32.13.3.rel1.win32_1.0.0.202411081344/tools/bin/../lib/gcc/arm-none-eabi/13.3.1/thumb/v7e-m+fp/hard/crtbegin.o
 .text          0x080001d0       0x10 C:/ST/STM32CubeIDE_1.19.0/STM32CubeIDE/plugins/com.st.stm32cube.ide.mcu.externaltools.gnu-tools-for-stm32.13.3.rel1.win32_1.0.0.202411081344/tools/bin/../lib/gcc/arm-none-eabi/13.3.1/../../../../arm-none-eabi/lib/thumb/v7e-m+fp/hard\libc_nano.a(libc_a-strlen.o)
                0x080001d0                strlen
 .text          0x080001e0       0xa0 C:/ST/STM32CubeIDE_1.19.0/STM32CubeIDE/plugins/com.st.stm32cube.ide.mcu.externaltools.gnu-tools-for-stm32.13.3.rel1.win32_1.0.0.202411081344/tools/bin/../lib/gcc/arm-none-eabi/13.3.1/../../../../arm-none-eabi/lib/thumb/v7e-m+fp/hard\libc_nano.a(libc_a-memchr.o)
                0x080001e0                memchr
 *(.text*)
 .text.USBD_HID_Init
                0x08000280       0x74 ./Core/Repo/Middlewares/ST/STM32_USB_Device_Library/Class/HID/Src/usbd_hid.o
 .text.USBD_HID_DeInit
                0x080002f4       0x3c ./Core/Repo/Middlewares/ST/STM32_USB_Device_Library/Class/HID/Src/usbd_hid.o
 .text.USBD_HID_Setup
                0x08000330      0x140 ./Core/Repo/Middlewares/ST/STM32_USB_Device_Library/Class/HID/Src/usbd_hid.o
 .text.USBD_HID_SendReport
                0x08000470       0x4c ./Core/Repo/Middlewares/ST/STM32_USB_Device_Library/Class/HID/Src/usbd_hid.o
                0x08000470                USBD_HID_SendReport
 .text.USBD_HID_GetCfgDesc
                0x080004bc       0x20 ./Core/Repo/Middlewares/ST/STM32_USB_Device_Library/Class/HID/Src/usbd_hid.o
 .text.USBD_HID_DataIn
                0x080004dc       0x24 ./Core/Repo/Middlewares/ST/STM32_USB_Device_Library/Class/HID/Src/usbd_hid.o
 .text.USBD_HID_DataOut
                0x08000500       0x30 ./Core/Repo/Middlewares/ST/STM32_USB_Device_Library/Class/HID/Src/usbd_hid.o
 .text.USBD_HID_GetDeviceQualifierDesc
                0x08000530       0x20 ./Core/Repo/Middlewares/ST/STM32_USB_Device_Library/Class/HID/Src/usbd_hid.o
 .text.USBD_Init
                0x08000550       0x56 ./Core/Repo/Middlewares/ST/STM32_USB_Device_Library/Core/Src/usbd_core.o
                0x08000550                USBD_Init
 .text.USBD_RegisterClass
                0x080005a6       0x34 ./Core/Repo/Middlewares/ST/STM32_USB_Device_Library/Core/Src/usbd_core.o
                0x080005a6                USBD_RegisterClass
 .text.USBD_Start
                0x080005da       0x18 ./Core/Repo/Middlewares/ST/STM32_USB_Device_Library/Core/Src/usbd_core.o
                0x080005da                USBD_Start
 .text.USBD_RunTestMode
                0x080005f2       0x16 ./Core/Repo/Middlewares/ST/STM32_USB_Device_Library/Core/Src/usbd_core.o
                0x080005f2                USBD_RunTestMode
 .text.USBD_SetClassConfig
                0x08000608       0x3e ./Core/Repo/Middlewares/ST/STM32_USB_Device_Library/Core/Src/usbd_core.o
                0x08000608                USBD_SetClassConfig
 .text.USBD_ClrClassConfig
                0x08000646       0x26 ./Core/Repo/Middlewares/ST/STM32_USB_Device_Library/Core/Src/usbd_core.o
                0x08000646                USBD_ClrClassConfig
 .text.USBD_LL_SetupStage
                0x0800066c       0x9a ./Core/Repo/Middlewares/ST/STM32_USB_Device_Library/Core/Src/usbd_core.o
                0x0800066c                USBD_LL_SetupStage
 .text.USBD_LL_DataOutStage
                0x08000706       0xba ./Core/Repo/Middlewares/ST/STM32_USB_Device_Library/Core/Src/usbd_core.o
                0x08000706                USBD_LL_DataOutStage
 .text.USBD_LL_DataInStage
                0x080007c0      0x122 ./Core/Repo/Middlewares/ST/STM32_USB_Device_Library/Core/Src/usbd_core.o
                0x080007c0                USBD_LL_DataInStage
 .text.USBD_LL_Reset
                0x080008e2       0x5e ./Core/Repo/Middlewares/ST/STM32_USB_Device_Library/Core/Src/usbd_core.o
                0x080008e2                USBD_LL_Reset
 .text.USBD_LL_SetSpeed
                0x08000940       0x20 ./Core/Repo/Middlewares/ST/STM32_USB_Device_Library/Core/Src/usbd_core.o
                0x08000940                USBD_LL_SetSpeed
 .text.USBD_LL_Suspend
                0x08000960       0x2c ./Core/Repo/Middlewares/ST/STM32_USB_Device_Library/Core/Src/usbd_core.o
                0x08000960                USBD_LL_Suspend
 .text.USBD_LL_Resume
                0x0800098c       0x24 ./Core/Repo/Middlewares/ST/STM32_USB_Device_Library/Core/Src/usbd_core.o
                0x0800098c                USBD_LL_Resume
 .text.USBD_LL_SOF
                0x080009b0       0x36 ./Core/Repo/Middlewares/ST/STM32_USB_Device_Library/Core/Src/usbd_core.o
                0x080009b0                USBD_LL_SOF
 .text.SWAPBYTE
                0x080009e6       0x3e ./Core/Repo/Middlewares/ST/STM32_USB_Device_Library/Core/Src/usbd_ctlreq.o
 .text.USBD_StdDevReq
                0x08000a24       0xa0 ./Core/Repo/Middlewares/ST/STM32_USB_Device_Library/Core/Src/usbd_ctlreq.o
                0x08000a24                USBD_StdDevReq
 .text.USBD_StdItfReq
                0x08000ac4       0x68 ./Core/Repo/Middlewares/ST/STM32_USB_Device_Library/Core/Src/usbd_ctlreq.o
                0x08000ac4                USBD_StdItfReq
 .text.USBD_StdEPReq
                0x08000b2c      0x1cc ./Core/Repo/Middlewares/ST/STM32_USB_Device_Library/Core/Src/usbd_ctlreq.o
                0x08000b2c                USBD_StdEPReq
 .text.USBD_GetDescriptor
                0x08000cf8      0x220 ./Core/Repo/Middlewares/ST/STM32_USB_Device_Library/Core/Src/usbd_ctlreq.o
 .text.USBD_SetAddress
                0x08000f18       0x80 ./Core/Repo/Middlewares/ST/STM32_USB_Device_Library/Core/Src/usbd_ctlreq.o
 .text.USBD_SetConfig
                0x08000f98      0x114 ./Core/Repo/Middlewares/ST/STM32_USB_Device_Library/Core/Src/usbd_ctlreq.o
 .text.USBD_GetConfig
                0x080010ac       0x66 ./Core/Repo/Middlewares/ST/STM32_USB_Device_Library/Core/Src/usbd_ctlreq.o
 .text.USBD_GetStatus
                0x08001112       0x56 ./Core/Repo/Middlewares/ST/STM32_USB_Device_Library/Core/Src/usbd_ctlreq.o
 .text.USBD_SetFeature
                0x08001168       0x36 ./Core/Repo/Middlewares/ST/STM32_USB_Device_Library/Core/Src/usbd_ctlreq.o
 .text.USBD_ClrFeature
                0x0800119e       0x52 ./Core/Repo/Middlewares/ST/STM32_USB_Device_Library/Core/Src/usbd_ctlreq.o
 .text.USBD_ParseSetupRequest
                0x080011f0       0x58 ./Core/Repo/Middlewares/ST/STM32_USB_Device_Library/Core/Src/usbd_ctlreq.o
                0x080011f0                USBD_ParseSetupRequest
 .text.USBD_CtlError
                0x08001248       0x22 ./Core/Repo/Middlewares/ST/STM32_USB_Device_Library/Core/Src/usbd_ctlreq.o
                0x08001248                USBD_CtlError
 .text.USBD_GetString
                0x0800126a       0x86 ./Core/Repo/Middlewares/ST/STM32_USB_Device_Library/Core/Src/usbd_ctlreq.o
                0x0800126a                USBD_GetString
 .text.USBD_GetLen
                0x080012f0       0x30 ./Core/Repo/Middlewares/ST/STM32_USB_Device_Library/Core/Src/usbd_ctlreq.o
 .text.USBD_CtlSendData
                0x08001320       0x38 ./Core/Repo/Middlewares/ST/STM32_USB_Device_Library/Core/Src/usbd_ioreq.o
                0x08001320                USBD_CtlSendData
 .text.USBD_CtlContinueSendData
                0x08001358       0x24 ./Core/Repo/Middlewares/ST/STM32_USB_Device_Library/Core/Src/usbd_ioreq.o
                0x08001358                USBD_CtlContinueSendData
 .text.USBD_CtlContinueRx
                0x0800137c       0x24 ./Core/Repo/Middlewares/ST/STM32_USB_Device_Library/Core/Src/usbd_ioreq.o
                0x0800137c                USBD_CtlContinueRx
 .text.USBD_CtlSendStatus
                0x080013a0       0x26 ./Core/Repo/Middlewares/ST/STM32_USB_Device_Library/Core/Src/usbd_ioreq.o
                0x080013a0                USBD_CtlSendStatus
 .text.USBD_CtlReceiveStatus
                0x080013c6       0x26 ./Core/Repo/Middlewares/ST/STM32_USB_Device_Library/Core/Src/usbd_ioreq.o
                0x080013c6                USBD_CtlReceiveStatus
 .text._ZN6ButtonC2Ev
                0x080013ec       0x16 ./Core/Repo/Src/ButtonDriver.o
                0x080013ec                Button::Button()
                0x080013ec                Button::Button()
 .text._ZN6Button6UpdateEP12GPIO_TypeDefh
                0x08001402       0x46 ./Core/Repo/Src/ButtonDriver.o
                0x08001402                Button::Update(GPIO_TypeDef*, unsigned char)
 .text._ZN11InputDriverC2EP5queueS1_
                0x08001448       0x4c ./Core/Repo/Src/InputDriver.o
                0x08001448                InputDriver::InputDriver(queue*, queue*)
                0x08001448                InputDriver::InputDriver(queue*, queue*)
 .text._ZN11InputDriver6UpdateEv
                0x08001494       0xc0 ./Core/Repo/Src/InputDriver.o
                0x08001494                InputDriver::Update()
 .text._ZN6MacrosC2EP5queue
                0x08001554       0x2a ./Core/Repo/Src/Macros.o
                0x08001554                Macros::Macros(queue*)
                0x08001554                Macros::Macros(queue*)
 *fill*         0x0800157e        0x2 
 .text._ZN6Macros6UpdateEv
                0x08001580      0x198 ./Core/Repo/Src/Macros.o
                0x08001580                Macros::Update()
 .text._ZN6Macros11wild_zone_1Ev
                0x08001718       0xd0 ./Core/Repo/Src/Macros.o
                0x08001718                Macros::wild_zone_1()
 .text._ZN6Macros11wild_zone_2Ev
                0x080017e8       0xd0 ./Core/Repo/Src/Macros.o
                0x080017e8                Macros::wild_zone_2()
 .text._ZN6Macros11wild_zone_3Ev
                0x080018b8       0xd0 ./Core/Repo/Src/Macros.o
                0x080018b8                Macros::wild_zone_3()
 .text._ZN6Macros11wild_zone_4Ev
                0x08001988       0xd0 ./Core/Repo/Src/Macros.o
                0x08001988                Macros::wild_zone_4()
 .text._ZN6Macros11wild_zone_5Ev
                0x08001a58       0xd0 ./Core/Repo/Src/Macros.o
                0x08001a58                Macros::wild_zone_5()
 .text._ZN6Macros11wild_zone_6Ev
                0x08001b28       0xd0 ./Core/Repo/Src/Macros.o
                0x08001b28                Macros::wild_zone_6()
 .text._ZN6Macros11wild_zone_7Ev
                0x08001bf8       0xd0 ./Core/Repo/Src/Macros.o
                0x08001bf8                Macros::wild_zone_7()
 .text._ZN6Macros11wild_zone_8Ev
                0x08001cc8       0xd0 ./Core/Repo/Src/Macros.o
                0x08001cc8                Macros::wild_zone_8()
 .text._ZN6Macros11wild_zone_9Ev
                0x08001d98       0xd0 ./Core/Repo/Src/Macros.o
                0x08001d98                Macros::wild_zone_9()
 .text._ZN6Macros12wild_zone_10Ev
                0x08001e68       0xd0 ./Core/Repo/Src/Macros.o
                0x08001e68                Macros::wild_zone_10()
 .text._ZN6Macros12wild_zone_11Ev
                0x08001f38       0xd8 ./Core/Repo/Src/Macros.o
                0x08001f38                Macros::wild_zone_11()
 .text._ZN6Macros12wild_zone_12Ev
                0x08002010       0xd0 ./Core/Repo/Src/Macros.o
                0x08002010                Macros::wild_zone_12()
 .text._ZN6Macros12wild_zone_13Ev
                0x080020e0       0xd0 ./Core/Repo/Src/Macros.o
                0x080020e0                Macros::wild_zone_13()
 .text._ZN6Macros12wild_zone_14Ev
                0x080021b0       0xd0 ./Core/Repo/Src/Macros.o
                0x080021b0                Macros::wild_zone_14()
 .text._ZN6Macros12wild_zone_15Ev
                0x08002280       0xd0 ./Core/Repo/Src/Macros.o
                0x08002280                Macros::wild_zone_15()
 .text._ZN6Macros12wild_zone_16Ev
                0x08002350       0xd0 ./Core/Repo/Src/Macros.o
                0x08002350                Macros::wild_zone_16()
 .text._ZN6Macros12wild_zone_17Ev
                0x08002420       0xd0 ./Core/Repo/Src/Macros.o
                0x08002420                Macros::wild_zone_17()
 .text._ZN6Macros12wild_zone_18Ev
                0x080024f0       0xd8 ./Core/Repo/Src/Macros.o
                0x080024f0                Macros::wild_zone_18()
 .text._ZN6Macros12wild_zone_19Ev
                0x080025c8       0xd0 ./Core/Repo/Src/Macros.o
                0x080025c8                Macros::wild_zone_19()
 .text._ZN6Macros12wild_zone_20Ev
                0x08002698       0xd0 ./Core/Repo/Src/Macros.o
                0x08002698                Macros::wild_zone_20()
 .text._ZN6Macros11bench_resetEv
                0x08002768       0x88 ./Core/Repo/Src/Macros.o
                0x08002768                Macros::bench_reset()
 .text._ZN6Macros11auto_battleEv
                0x080027f0       0x54 ./Core/Repo/Src/Macros.o
                0x080027f0                Macros::auto_battle()
 .text._ZN6Macros7turbo_aEv
                0x08002844       0x38 ./Core/Repo/Src/Macros.o
                0x08002844                Macros::turbo_a()
 .text.LL_SPI_Enable
                0x0800287c       0x20 ./Core/Repo/Src/SSD1306_SPI_Driver.o
 .text.LL_SPI_IsActiveFlag_TXE
                0x0800289c       0x26 ./Core/Repo/Src/SSD1306_SPI_Driver.o
 .text.LL_SPI_TransmitData8
                0x080028c2       0x24 ./Core/Repo/Src/SSD1306_SPI_Driver.o
 *fill*         0x080028e6        0x2 
 .text._ZN4OLEDC2EP5queueS1_
                0x080028e8      0x108 ./Core/Repo/Src/SSD1306_SPI_Driver.o
                0x080028e8                OLED::OLED(queue*, queue*)
                0x080028e8                OLED::OLED(queue*, queue*)
 .text._ZN4OLED8set_OLEDEv
                0x080029f0       0xb0 ./Core/Repo/Src/SSD1306_SPI_Driver.o
                0x080029f0                OLED::set_OLED()
 .text._ZN4OLED5printE9PrintData
                0x08002aa0       0x98 ./Core/Repo/Src/SSD1306_SPI_Driver.o
                0x08002aa0                OLED::print(PrintData)
 .text._ZN4OLED19clear_display_macroEh
                0x08002b38       0xb0 ./Core/Repo/Src/SSD1306_SPI_Driver.o
                0x08002b38                OLED::clear_display_macro(unsigned char)
 .text._ZN4OLED6UpdateEv
                0x08002be8      0xa58 ./Core/Repo/Src/SSD1306_SPI_Driver.o
                0x08002be8                OLED::Update()
 .text._ZN4OLED12send_commandEh
                0x08003640       0x60 ./Core/Repo/Src/SSD1306_SPI_Driver.o
                0x08003640                OLED::send_command(unsigned char)
 .text._ZN4OLED9send_dataEPKh
                0x080036a0       0x78 ./Core/Repo/Src/SSD1306_SPI_Driver.o
                0x080036a0                OLED::send_data(unsigned char const*)
 .text._ZN4OLED10send_clearEPKh
                0x08003718       0x78 ./Core/Repo/Src/SSD1306_SPI_Driver.o
                0x08003718                OLED::send_clear(unsigned char const*)
 .text._ZN4OLED12SSD1306_initEv
                0x08003790      0x150 ./Core/Repo/Src/SSD1306_SPI_Driver.o
                0x08003790                OLED::SSD1306_init()
 .text._ZN4OLED18set_column_addressEhh
                0x080038e0       0x34 ./Core/Repo/Src/SSD1306_SPI_Driver.o
                0x080038e0                OLED::set_column_address(unsigned char, unsigned char)
 .text._ZN4OLED16set_page_addressEhh
                0x08003914       0x34 ./Core/Repo/Src/SSD1306_SPI_Driver.o
                0x08003914                OLED::set_page_address(unsigned char, unsigned char)
 .text._ZN4OLED13clear_displayEv
                0x08003948       0x6a ./Core/Repo/Src/SSD1306_SPI_Driver.o
                0x08003948                OLED::clear_display()
 .text._ZN11StateDriverC2EP5queueS1_
                0x080039b2       0x32 ./Core/Repo/Src/StateDriver.o
                0x080039b2                StateDriver::StateDriver(queue*, queue*)
                0x080039b2                StateDriver::StateDriver(queue*, queue*)
 .text._ZN11StateDriver6UpdateEv
                0x080039e4      0x2f8 ./Core/Repo/Src/StateDriver.o
                0x080039e4                StateDriver::Update()
 .text._ZN6SwitchC2Ev
                0x08003cdc       0x16 ./Core/Repo/Src/SwitchDriver.o
                0x08003cdc                Switch::Switch()
                0x08003cdc                Switch::Switch()
 .text._ZN6Switch6UpdateEv
                0x08003cf2       0x3c ./Core/Repo/Src/SwitchDriver.o
                0x08003cf2                Switch::Update()
 *fill*         0x08003d2e        0x2 
 .text.xSemaphoreCheck_IRQHandler
                0x08003d30       0x54 ./Core/Repo/Src/cpp_main.o
                0x08003d30                xSemaphoreCheck_IRQHandler
 .text.cpp_main
                0x08003d84       0xb8 ./Core/Repo/Src/cpp_main.o
                0x08003d84                cpp_main
 .text._Z41__static_initialization_and_destruction_0v
                0x08003e3c       0x14 ./Core/Repo/Src/cpp_main.o
 .text._GLOBAL__sub_I_rx_buf
                0x08003e50        0xa ./Core/Repo/Src/cpp_main.o
 .text.ResetReport
                0x08003e5a       0x5a ./Core/Repo/Src/ns_joystick.o
                0x08003e5a                ResetReport
 .text.SendReport
                0x08003eb4       0x26 ./Core/Repo/Src/ns_joystick.o
                0x08003eb4                SendReport
 .text.HoldReport
                0x08003eda       0x36 ./Core/Repo/Src/ns_joystick.o
                0x08003eda                HoldReport
 .text._ZN5queueC2Ev
                0x08003f10       0x26 ./Core/Repo/Src/queue.o
                0x08003f10                queue::queue()
                0x08003f10                queue::queue()
 .text._ZN5queue7enqueueEPv
                0x08003f36       0x80 ./Core/Repo/Src/queue.o
                0x08003f36                queue::enqueue(void*)
 .text._ZN5queue7dequeueEPPv
                0x08003fb6       0x7c ./Core/Repo/Src/queue.o
                0x08003fb6                queue::dequeue(void**)
 *fill*         0x08004032        0x2 
 .text.MX_USB_DEVICE_Init
                0x08004034       0x4c ./Core/Repo/USB_DEVICE/App/usb_device.o
                0x08004034                MX_USB_DEVICE_Init
 .text.USBD_FS_DeviceDescriptor
                0x08004080       0x24 ./Core/Repo/USB_DEVICE/App/usbd_desc.o
                0x08004080                USBD_FS_DeviceDescriptor
 .text.USBD_FS_LangIDStrDescriptor
                0x080040a4       0x24 ./Core/Repo/USB_DEVICE/App/usbd_desc.o
                0x080040a4                USBD_FS_LangIDStrDescriptor
 .text.USBD_FS_ProductStrDescriptor
                0x080040c8       0x3c ./Core/Repo/USB_DEVICE/App/usbd_desc.o
                0x080040c8                USBD_FS_ProductStrDescriptor
 .text.USBD_FS_ManufacturerStrDescriptor
                0x08004104       0x28 ./Core/Repo/USB_DEVICE/App/usbd_desc.o
                0x08004104                USBD_FS_ManufacturerStrDescriptor
 .text.USBD_FS_SerialStrDescriptor
                0x0800412c       0x24 ./Core/Repo/USB_DEVICE/App/usbd_desc.o
                0x0800412c                USBD_FS_SerialStrDescriptor
 .text.USBD_FS_ConfigStrDescriptor
                0x08004150       0x3c ./Core/Repo/USB_DEVICE/App/usbd_desc.o
                0x08004150                USBD_FS_ConfigStrDescriptor
 .text.USBD_FS_InterfaceStrDescriptor
                0x0800418c       0x3c ./Core/Repo/USB_DEVICE/App/usbd_desc.o
                0x0800418c                USBD_FS_InterfaceStrDescriptor
 .text.USBD_FS_USR_BOSDescriptor
                0x080041c8       0x24 ./Core/Repo/USB_DEVICE/App/usbd_desc.o
                0x080041c8                USBD_FS_USR_BOSDescriptor
 .text.Get_SerialNum
                0x080041ec       0x58 ./Core/Repo/USB_DEVICE/App/usbd_desc.o
 .text.IntToUnicode
                0x08004244       0x7e ./Core/Repo/USB_DEVICE/App/usbd_desc.o
 *fill*         0x080042c2        0x2 
 .text.HAL_PCD_MspInit
                0x080042c4       0x98 ./Core/Repo/USB_DEVICE/Target/usbd_conf.o
                0x080042c4                HAL_PCD_MspInit
 .text.HAL_PCD_SetupStageCallback
                0x0800435c       0x24 ./Core/Repo/USB_DEVICE/Target/usbd_conf.o
                0x0800435c                HAL_PCD_SetupStageCallback
 .text.HAL_PCD_DataOutStageCallback
                0x08004380       0x36 ./Core/Repo/USB_DEVICE/Target/usbd_conf.o
                0x08004380                HAL_PCD_DataOutStageCallback
 .text.HAL_PCD_DataInStageCallback
                0x080043b6       0x34 ./Core/Repo/USB_DEVICE/Target/usbd_conf.o
                0x080043b6                HAL_PCD_DataInStageCallback
 .text.HAL_PCD_SOFCallback
                0x080043ea       0x1c ./Core/Repo/USB_DEVICE/Target/usbd_conf.o
                0x080043ea                HAL_PCD_SOFCallback
 .text.HAL_PCD_ResetCallback
                0x08004406       0x3c ./Core/Repo/USB_DEVICE/Target/usbd_conf.o
                0x08004406                HAL_PCD_ResetCallback
 *fill*         0x08004442        0x2 
 .text.HAL_PCD_SuspendCallback
                0x08004444       0x34 ./Core/Repo/USB_DEVICE/Target/usbd_conf.o
                0x08004444                HAL_PCD_SuspendCallback
 .text.HAL_PCD_ResumeCallback
                0x08004478       0x38 ./Core/Repo/USB_DEVICE/Target/usbd_conf.o
                0x08004478                HAL_PCD_ResumeCallback
 .text.USBD_LL_Init
                0x080044b0       0xa0 ./Core/Repo/USB_DEVICE/Target/usbd_conf.o
                0x080044b0                USBD_LL_Init
 .text.USBD_LL_Start
                0x08004550       0x64 ./Core/Repo/USB_DEVICE/Target/usbd_conf.o
                0x08004550                USBD_LL_Start
 .text.USBD_LL_OpenEP
                0x080045b4       0x7c ./Core/Repo/USB_DEVICE/Target/usbd_conf.o
                0x080045b4                USBD_LL_OpenEP
 .text.USBD_LL_CloseEP
                0x08004630       0x6c ./Core/Repo/USB_DEVICE/Target/usbd_conf.o
                0x08004630                USBD_LL_CloseEP
 .text.USBD_LL_StallEP
                0x0800469c       0x6c ./Core/Repo/USB_DEVICE/Target/usbd_conf.o
                0x0800469c                USBD_LL_StallEP
 .text.USBD_LL_ClearStallEP
                0x08004708       0x6c ./Core/Repo/USB_DEVICE/Target/usbd_conf.o
                0x08004708                USBD_LL_ClearStallEP
 .text.USBD_LL_IsStallEP
                0x08004774       0x58 ./Core/Repo/USB_DEVICE/Target/usbd_conf.o
                0x08004774                USBD_LL_IsStallEP
 .text.USBD_LL_SetUSBAddress
                0x080047cc       0x6c ./Core/Repo/USB_DEVICE/Target/usbd_conf.o
                0x080047cc                USBD_LL_SetUSBAddress
 .text.USBD_LL_Transmit
                0x08004838       0x74 ./Core/Repo/USB_DEVICE/Target/usbd_conf.o
                0x08004838                USBD_LL_Transmit
 .text.USBD_LL_PrepareReceive
                0x080048ac       0x74 ./Core/Repo/USB_DEVICE/Target/usbd_conf.o
                0x080048ac                USBD_LL_PrepareReceive
 .text.HAL_PCDEx_LPM_Callback
                0x08004920       0x6c ./Core/Repo/USB_DEVICE/Target/usbd_conf.o
                0x08004920                HAL_PCDEx_LPM_Callback
 .text.USBD_static_malloc
                0x0800498c       0x1c ./Core/Repo/USB_DEVICE/Target/usbd_conf.o
                0x0800498c                USBD_static_malloc
 .text.USBD_static_free
                0x080049a8       0x14 ./Core/Repo/USB_DEVICE/Target/usbd_conf.o
                0x080049a8                USBD_static_free
 .text.SystemClockConfig_Resume
                0x080049bc        0xc ./Core/Repo/USB_DEVICE/Target/usbd_conf.o
 .text.LL_SPI_SetStandard
                0x080049c8       0x26 ./Core/Src/main.o
 .text.LL_SPI_EnableNSSPulseMgt
                0x080049ee       0x20 ./Core/Src/main.o
 .text.LL_GPIO_SetOutputPin
                0x08004a0e       0x1c ./Core/Src/main.o
 .text.LL_GPIO_ResetOutputPin
                0x08004a2a       0x1c ./Core/Src/main.o
 *fill*         0x08004a46        0x2 
 .text.LL_AHB2_GRP1_EnableClock
                0x08004a48       0x30 ./Core/Src/main.o
 .text.LL_APB2_GRP1_EnableClock
                0x08004a78       0x30 ./Core/Src/main.o
 .text.main     0x08004aa8       0x30 ./Core/Src/main.o
                0x08004aa8                main
 .text.SystemClock_Config
                0x08004ad8       0xa4 ./Core/Src/main.o
                0x08004ad8                SystemClock_Config
 .text.MX_SPI1_Init
                0x08004b7c       0xac ./Core/Src/main.o
 .text.MX_TIM7_Init
                0x08004c28       0x6c ./Core/Src/main.o
 .text.MX_GPIO_Init
                0x08004c94      0x10c ./Core/Src/main.o
 .text.Error_Handler
                0x08004da0        0xc ./Core/Src/main.o
                0x08004da0                Error_Handler
 .text.HAL_MspInit
                0x08004dac       0x48 ./Core/Src/stm32l4xx_hal_msp.o
                0x08004dac                HAL_MspInit
 .text.HAL_TIM_Base_MspInit
                0x08004df4       0x4c ./Core/Src/stm32l4xx_hal_msp.o
                0x08004df4                HAL_TIM_Base_MspInit
 .text.NMI_Handler
                0x08004e40        0x8 ./Core/Src/stm32l4xx_it.o
                0x08004e40                NMI_Handler
 .text.HardFault_Handler
                0x08004e48        0x8 ./Core/Src/stm32l4xx_it.o
                0x08004e48                HardFault_Handler
 .text.MemManage_Handler
                0x08004e50        0x8 ./Core/Src/stm32l4xx_it.o
                0x08004e50                MemManage_Handler
 .text.BusFault_Handler
                0x08004e58        0x8 ./Core/Src/stm32l4xx_it.o
                0x08004e58                BusFault_Handler
 .text.UsageFault_Handler
                0x08004e60        0x8 ./Core/Src/stm32l4xx_it.o
                0x08004e60                UsageFault_Handler
 .text.SVC_Handler
                0x08004e68        0xe ./Core/Src/stm32l4xx_it.o
                0x08004e68                SVC_Handler
 .text.DebugMon_Handler
                0x08004e76        0xe ./Core/Src/stm32l4xx_it.o
                0x08004e76                DebugMon_Handler
 .text.PendSV_Handler
                0x08004e84        0xe ./Core/Src/stm32l4xx_it.o
                0x08004e84                PendSV_Handler
 .text.SysTick_Handler
                0x08004e92        0xc ./Core/Src/stm32l4xx_it.o
                0x08004e92                SysTick_Handler
 *fill*         0x08004e9e        0x2 
 .text.TIM7_IRQHandler
                0x08004ea0       0x18 ./Core/Src/stm32l4xx_it.o
                0x08004ea0                TIM7_IRQHandler
 .text.USB_IRQHandler
                0x08004eb8       0x14 ./Core/Src/stm32l4xx_it.o
                0x08004eb8                USB_IRQHandler
 .text._getpid  0x08004ecc       0x10 ./Core/Src/syscalls.o
                0x08004ecc                _getpid
 .text._kill    0x08004edc       0x20 ./Core/Src/syscalls.o
                0x08004edc                _kill
 .text._exit    0x08004efc       0x16 ./Core/Src/syscalls.o
                0x08004efc                _exit
 .text._read    0x08004f12       0x3a ./Core/Src/syscalls.o
                0x08004f12                _read
 .text._write   0x08004f4c       0x38 ./Core/Src/syscalls.o
                0x08004f4c                _write
 .text._close   0x08004f84       0x18 ./Core/Src/syscalls.o
                0x08004f84                _close
 .text._fstat   0x08004f9c       0x20 ./Core/Src/syscalls.o
                0x08004f9c                _fstat
 .text._isatty  0x08004fbc       0x16 ./Core/Src/syscalls.o
                0x08004fbc                _isatty
 .text._lseek   0x08004fd2       0x1a ./Core/Src/syscalls.o
                0x08004fd2                _lseek
 .text._sbrk    0x08004fec       0x6c ./Core/Src/sysmem.o
                0x08004fec                _sbrk
 .text.SystemInit
                0x08005058       0x24 ./Core/Src/system_stm32l4xx.o
                0x08005058                SystemInit
 .text.Reset_Handler
                0x0800507c       0x50 ./Core/Startup/startup_stm32l432kcux.o
                0x0800507c                Reset_Handler
 .text.Default_Handler
                0x080050cc        0x2 ./Core/Startup/startup_stm32l432kcux.o
                0x080050cc                RTC_Alarm_IRQHandler
                0x080050cc                EXTI2_IRQHandler
                0x080050cc                TIM1_CC_IRQHandler
                0x080050cc                TSC_IRQHandler
                0x080050cc                TAMP_STAMP_IRQHandler
                0x080050cc                EXTI3_IRQHandler
                0x080050cc                LPTIM2_IRQHandler
                0x080050cc                I2C3_ER_IRQHandler
                0x080050cc                EXTI0_IRQHandler
                0x080050cc                CAN1_RX0_IRQHandler
                0x080050cc                FPU_IRQHandler
                0x080050cc                TIM1_UP_TIM16_IRQHandler
                0x080050cc                SPI1_IRQHandler
                0x080050cc                TIM6_DAC_IRQHandler
                0x080050cc                DMA2_Channel2_IRQHandler
                0x080050cc                DMA1_Channel4_IRQHandler
                0x080050cc                ADC1_IRQHandler
                0x080050cc                DMA1_Channel7_IRQHandler
                0x080050cc                CAN1_RX1_IRQHandler
                0x080050cc                DMA2_Channel1_IRQHandler
                0x080050cc                QUADSPI_IRQHandler
                0x080050cc                I2C1_EV_IRQHandler
                0x080050cc                DMA1_Channel6_IRQHandler
                0x080050cc                DMA2_Channel4_IRQHandler
                0x080050cc                RCC_IRQHandler
                0x080050cc                TIM1_TRG_COM_IRQHandler
                0x080050cc                DMA1_Channel1_IRQHandler
                0x080050cc                Default_Handler
                0x080050cc                DMA2_Channel7_IRQHandler
                0x080050cc                EXTI15_10_IRQHandler
                0x080050cc                I2C3_EV_IRQHandler
                0x080050cc                EXTI9_5_IRQHandler
                0x080050cc                RTC_WKUP_IRQHandler
                0x080050cc                PVD_PVM_IRQHandler
                0x080050cc                CAN1_TX_IRQHandler
                0x080050cc                DMA2_Channel5_IRQHandler
                0x080050cc                CRS_IRQHandler
                0x080050cc                DMA1_Channel5_IRQHandler
                0x080050cc                EXTI4_IRQHandler
                0x080050cc                RNG_IRQHandler
                0x080050cc                DMA1_Channel3_IRQHandler
                0x080050cc                COMP_IRQHandler
                0x080050cc                WWDG_IRQHandler
                0x080050cc                LPUART1_IRQHandler
                0x080050cc                DMA2_Channel6_IRQHandler
                0x080050cc                TIM2_IRQHandler
                0x080050cc                EXTI1_IRQHandler
                0x080050cc                USART2_IRQHandler
                0x080050cc                DMA1_Channel2_IRQHandler
                0x080050cc                CAN1_SCE_IRQHandler
                0x080050cc                FLASH_IRQHandler
                0x080050cc                USART1_IRQHandler
                0x080050cc                SPI3_IRQHandler
                0x080050cc                I2C1_ER_IRQHandler
                0x080050cc                SWPMI1_IRQHandler
                0x080050cc                LPTIM1_IRQHandler
                0x080050cc                SAI1_IRQHandler
                0x080050cc                DMA2_Channel3_IRQHandler
                0x080050cc                TIM1_BRK_TIM15_IRQHandler
 .text.HAL_Init
                0x080050ce       0x30 ./Drivers/STM32L4xx_HAL_Driver/Src/stm32l4xx_hal.o
                0x080050ce                HAL_Init
 *fill*         0x080050fe        0x2 
 .text.HAL_InitTick
                0x08005100       0x78 ./Drivers/STM32L4xx_HAL_Driver/Src/stm32l4xx_hal.o
                0x08005100                HAL_InitTick
 .text.HAL_IncTick
                0x08005178       0x28 ./Drivers/STM32L4xx_HAL_Driver/Src/stm32l4xx_hal.o
                0x08005178                HAL_IncTick
 .text.HAL_GetTick
                0x080051a0       0x18 ./Drivers/STM32L4xx_HAL_Driver/Src/stm32l4xx_hal.o
                0x080051a0                HAL_GetTick
 .text.HAL_Delay
                0x080051b8       0x48 ./Drivers/STM32L4xx_HAL_Driver/Src/stm32l4xx_hal.o
                0x080051b8                HAL_Delay
 .text.__NVIC_SetPriorityGrouping
                0x08005200       0x48 ./Drivers/STM32L4xx_HAL_Driver/Src/stm32l4xx_hal_cortex.o
 .text.__NVIC_GetPriorityGrouping
                0x08005248       0x1c ./Drivers/STM32L4xx_HAL_Driver/Src/stm32l4xx_hal_cortex.o
 .text.__NVIC_EnableIRQ
                0x08005264       0x3c ./Drivers/STM32L4xx_HAL_Driver/Src/stm32l4xx_hal_cortex.o
 .text.__NVIC_SetPriority
                0x080052a0       0x54 ./Drivers/STM32L4xx_HAL_Driver/Src/stm32l4xx_hal_cortex.o
 .text.NVIC_EncodePriority
                0x080052f4       0x66 ./Drivers/STM32L4xx_HAL_Driver/Src/stm32l4xx_hal_cortex.o
 *fill*         0x0800535a        0x2 
 .text.SysTick_Config
                0x0800535c       0x44 ./Drivers/STM32L4xx_HAL_Driver/Src/stm32l4xx_hal_cortex.o
 .text.HAL_NVIC_SetPriorityGrouping
                0x080053a0       0x16 ./Drivers/STM32L4xx_HAL_Driver/Src/stm32l4xx_hal_cortex.o
                0x080053a0                HAL_NVIC_SetPriorityGrouping
 .text.HAL_NVIC_SetPriority
                0x080053b6       0x38 ./Drivers/STM32L4xx_HAL_Driver/Src/stm32l4xx_hal_cortex.o
                0x080053b6                HAL_NVIC_SetPriority
 .text.HAL_NVIC_EnableIRQ
                0x080053ee       0x1c ./Drivers/STM32L4xx_HAL_Driver/Src/stm32l4xx_hal_cortex.o
                0x080053ee                HAL_NVIC_EnableIRQ
 .text.HAL_SYSTICK_Config
                0x0800540a       0x18 ./Drivers/STM32L4xx_HAL_Driver/Src/stm32l4xx_hal_cortex.o
                0x0800540a                HAL_SYSTICK_Config
 .text.HAL_PCD_Init
                0x08005422      0x1fa ./Drivers/STM32L4xx_HAL_Driver/Src/stm32l4xx_hal_pcd.o
                0x08005422                HAL_PCD_Init
 .text.HAL_PCD_Start
                0x0800561c       0x44 ./Drivers/STM32L4xx_HAL_Driver/Src/stm32l4xx_hal_pcd.o
                0x0800561c                HAL_PCD_Start
 .text.HAL_PCD_IRQHandler
                0x08005660      0x24e ./Drivers/STM32L4xx_HAL_Driver/Src/stm32l4xx_hal_pcd.o
                0x08005660                HAL_PCD_IRQHandler
 .text.HAL_PCD_SetAddress
                0x080058ae       0x48 ./Drivers/STM32L4xx_HAL_Driver/Src/stm32l4xx_hal_pcd.o
                0x080058ae                HAL_PCD_SetAddress
 .text.HAL_PCD_EP_Open
                0x080058f6       0xbe ./Drivers/STM32L4xx_HAL_Driver/Src/stm32l4xx_hal_pcd.o
                0x080058f6                HAL_PCD_EP_Open
 .text.HAL_PCD_EP_Close
                0x080059b4       0x90 ./Drivers/STM32L4xx_HAL_Driver/Src/stm32l4xx_hal_pcd.o
                0x080059b4                HAL_PCD_EP_Close
 .text.HAL_PCD_EP_Receive
                0x08005a44       0x62 ./Drivers/STM32L4xx_HAL_Driver/Src/stm32l4xx_hal_pcd.o
                0x08005a44                HAL_PCD_EP_Receive
 .text.HAL_PCD_EP_Transmit
                0x08005aa6       0x6e ./Drivers/STM32L4xx_HAL_Driver/Src/stm32l4xx_hal_pcd.o
                0x08005aa6                HAL_PCD_EP_Transmit
 .text.HAL_PCD_EP_SetStall
                0x08005b14       0xc0 ./Drivers/STM32L4xx_HAL_Driver/Src/stm32l4xx_hal_pcd.o
                0x08005b14                HAL_PCD_EP_SetStall
 .text.HAL_PCD_EP_ClrStall
                0x08005bd4       0xa8 ./Drivers/STM32L4xx_HAL_Driver/Src/stm32l4xx_hal_pcd.o
                0x08005bd4                HAL_PCD_EP_ClrStall
 .text.PCD_EP_ISR_Handler
                0x08005c7c      0x68e ./Drivers/STM32L4xx_HAL_Driver/Src/stm32l4xx_hal_pcd.o
 .text.HAL_PCD_EP_DB_Receive
                0x0800630a      0x212 ./Drivers/STM32L4xx_HAL_Driver/Src/stm32l4xx_hal_pcd.o
 .text.HAL_PCD_EP_DB_Transmit
                0x0800651c      0x878 ./Drivers/STM32L4xx_HAL_Driver/Src/stm32l4xx_hal_pcd.o
 .text.HAL_PCDEx_PMAConfig
                0x08006d94       0x86 ./Drivers/STM32L4xx_HAL_Driver/Src/stm32l4xx_hal_pcd_ex.o
                0x08006d94                HAL_PCDEx_PMAConfig
 .text.HAL_PCDEx_ActivateLPM
                0x08006e1a       0x54 ./Drivers/STM32L4xx_HAL_Driver/Src/stm32l4xx_hal_pcd_ex.o
                0x08006e1a                HAL_PCDEx_ActivateLPM
 *fill*         0x08006e6e        0x2 
 .text.HAL_PWREx_GetVoltageRange
                0x08006e70       0x1c ./Drivers/STM32L4xx_HAL_Driver/Src/stm32l4xx_hal_pwr_ex.o
                0x08006e70                HAL_PWREx_GetVoltageRange
 .text.HAL_PWREx_ControlVoltageScaling
                0x08006e8c       0xac ./Drivers/STM32L4xx_HAL_Driver/Src/stm32l4xx_hal_pwr_ex.o
                0x08006e8c                HAL_PWREx_ControlVoltageScaling
 .text.HAL_PWREx_EnableVddUSB
                0x08006f38       0x20 ./Drivers/STM32L4xx_HAL_Driver/Src/stm32l4xx_hal_pwr_ex.o
                0x08006f38                HAL_PWREx_EnableVddUSB
 .text.HAL_RCC_OscConfig
                0x08006f58      0x828 ./Drivers/STM32L4xx_HAL_Driver/Src/stm32l4xx_hal_rcc.o
                0x08006f58                HAL_RCC_OscConfig
 .text.HAL_RCC_ClockConfig
                0x08007780      0x200 ./Drivers/STM32L4xx_HAL_Driver/Src/stm32l4xx_hal_rcc.o
                0x08007780                HAL_RCC_ClockConfig
 .text.HAL_RCC_GetSysClockFreq
                0x08007980      0x118 ./Drivers/STM32L4xx_HAL_Driver/Src/stm32l4xx_hal_rcc.o
                0x08007980                HAL_RCC_GetSysClockFreq
 .text.RCC_SetFlashLatencyFromMSIRange
                0x08007a98       0xc0 ./Drivers/STM32L4xx_HAL_Driver/Src/stm32l4xx_hal_rcc.o
 .text.HAL_RCCEx_PeriphCLKConfig
                0x08007b58      0x3ec ./Drivers/STM32L4xx_HAL_Driver/Src/stm32l4xx_hal_rcc_ex.o
                0x08007b58                HAL_RCCEx_PeriphCLKConfig
 .text.RCCEx_PLLSAI1_Config
                0x08007f44      0x1e4 ./Drivers/STM32L4xx_HAL_Driver/Src/stm32l4xx_hal_rcc_ex.o
 .text.HAL_TIM_Base_Init
                0x08008128       0xae ./Drivers/STM32L4xx_HAL_Driver/Src/stm32l4xx_hal_tim.o
                0x08008128                HAL_TIM_Base_Init
 *fill*         0x080081d6        0x2 
 .text.HAL_TIM_Base_Start_IT
                0x080081d8       0xa8 ./Drivers/STM32L4xx_HAL_Driver/Src/stm32l4xx_hal_tim.o
                0x080081d8                HAL_TIM_Base_Start_IT
 .text.HAL_TIM_IRQHandler
                0x08008280      0x20e ./Drivers/STM32L4xx_HAL_Driver/Src/stm32l4xx_hal_tim.o
                0x08008280                HAL_TIM_IRQHandler
 .text.HAL_TIM_PeriodElapsedCallback
                0x0800848e       0x14 ./Drivers/STM32L4xx_HAL_Driver/Src/stm32l4xx_hal_tim.o
                0x0800848e                HAL_TIM_PeriodElapsedCallback
 .text.HAL_TIM_OC_DelayElapsedCallback
                0x080084a2       0x14 ./Drivers/STM32L4xx_HAL_Driver/Src/stm32l4xx_hal_tim.o
                0x080084a2                HAL_TIM_OC_DelayElapsedCallback
 .text.HAL_TIM_IC_CaptureCallback
                0x080084b6       0x14 ./Drivers/STM32L4xx_HAL_Driver/Src/stm32l4xx_hal_tim.o
                0x080084b6                HAL_TIM_IC_CaptureCallback
 .text.HAL_TIM_PWM_PulseFinishedCallback
                0x080084ca       0x14 ./Drivers/STM32L4xx_HAL_Driver/Src/stm32l4xx_hal_tim.o
                0x080084ca                HAL_TIM_PWM_PulseFinishedCallback
 .text.HAL_TIM_TriggerCallback
                0x080084de       0x14 ./Drivers/STM32L4xx_HAL_Driver/Src/stm32l4xx_hal_tim.o
                0x080084de                HAL_TIM_TriggerCallback
 *fill*         0x080084f2        0x2 
 .text.TIM_Base_SetConfig
                0x080084f4       0xe0 ./Drivers/STM32L4xx_HAL_Driver/Src/stm32l4xx_hal_tim.o
                0x080084f4                TIM_Base_SetConfig
 .text.HAL_TIMEx_MasterConfigSynchronization
                0x080085d4       0xcc ./Drivers/STM32L4xx_HAL_Driver/Src/stm32l4xx_hal_tim_ex.o
                0x080085d4                HAL_TIMEx_MasterConfigSynchronization
 .text.HAL_TIMEx_CommutCallback
                0x080086a0       0x14 ./Drivers/STM32L4xx_HAL_Driver/Src/stm32l4xx_hal_tim_ex.o
                0x080086a0                HAL_TIMEx_CommutCallback
 .text.HAL_TIMEx_BreakCallback
                0x080086b4       0x14 ./Drivers/STM32L4xx_HAL_Driver/Src/stm32l4xx_hal_tim_ex.o
                0x080086b4                HAL_TIMEx_BreakCallback
 .text.HAL_TIMEx_Break2Callback
                0x080086c8       0x14 ./Drivers/STM32L4xx_HAL_Driver/Src/stm32l4xx_hal_tim_ex.o
                0x080086c8                HAL_TIMEx_Break2Callback
 .text.LL_GPIO_SetPinMode
                0x080086dc       0x7a ./Drivers/STM32L4xx_HAL_Driver/Src/stm32l4xx_ll_gpio.o
 .text.LL_GPIO_SetPinOutputType
                0x08008756       0x30 ./Drivers/STM32L4xx_HAL_Driver/Src/stm32l4xx_ll_gpio.o
 .text.LL_GPIO_SetPinSpeed
                0x08008786       0x7a ./Drivers/STM32L4xx_HAL_Driver/Src/stm32l4xx_ll_gpio.o
 .text.LL_GPIO_SetPinPull
                0x08008800       0x7a ./Drivers/STM32L4xx_HAL_Driver/Src/stm32l4xx_ll_gpio.o
 .text.LL_GPIO_SetAFPin_0_7
                0x0800887a       0x7a ./Drivers/STM32L4xx_HAL_Driver/Src/stm32l4xx_ll_gpio.o
 .text.LL_GPIO_SetAFPin_8_15
                0x080088f4       0x7e ./Drivers/STM32L4xx_HAL_Driver/Src/stm32l4xx_ll_gpio.o
 .text.LL_GPIO_Init
                0x08008972       0xdc ./Drivers/STM32L4xx_HAL_Driver/Src/stm32l4xx_ll_gpio.o
                0x08008972                LL_GPIO_Init
 .text.LL_SPI_IsEnabled
                0x08008a4e       0x26 ./Drivers/STM32L4xx_HAL_Driver/Src/stm32l4xx_ll_spi.o
 .text.LL_SPI_SetRxFIFOThreshold
                0x08008a74       0x26 ./Drivers/STM32L4xx_HAL_Driver/Src/stm32l4xx_ll_spi.o
 .text.LL_SPI_SetCRCPolynomial
                0x08008a9a       0x20 ./Drivers/STM32L4xx_HAL_Driver/Src/stm32l4xx_ll_spi.o
 .text.LL_SPI_Init
                0x08008aba       0xb0 ./Drivers/STM32L4xx_HAL_Driver/Src/stm32l4xx_ll_spi.o
                0x08008aba                LL_SPI_Init
 .text.USB_CoreInit
                0x08008b6a       0x1c ./Drivers/STM32L4xx_HAL_Driver/Src/stm32l4xx_ll_usb.o
                0x08008b6a                USB_CoreInit
 .text.USB_EnableGlobalInt
                0x08008b86       0x2e ./Drivers/STM32L4xx_HAL_Driver/Src/stm32l4xx_ll_usb.o
                0x08008b86                USB_EnableGlobalInt
 .text.USB_DisableGlobalInt
                0x08008bb4       0x36 ./Drivers/STM32L4xx_HAL_Driver/Src/stm32l4xx_ll_usb.o
                0x08008bb4                USB_DisableGlobalInt
 .text.USB_SetCurrentMode
                0x08008bea       0x1a ./Drivers/STM32L4xx_HAL_Driver/Src/stm32l4xx_ll_usb.o
                0x08008bea                USB_SetCurrentMode
 .text.USB_DevInit
                0x08008c04       0x3c ./Drivers/STM32L4xx_HAL_Driver/Src/stm32l4xx_ll_usb.o
                0x08008c04                USB_DevInit
 .text.USB_ActivateEndpoint
                0x08008c40      0x9d0 ./Drivers/STM32L4xx_HAL_Driver/Src/stm32l4xx_ll_usb.o
                0x08008c40                USB_ActivateEndpoint
 .text.USB_DeactivateEndpoint
                0x08009610      0x3da ./Drivers/STM32L4xx_HAL_Driver/Src/stm32l4xx_ll_usb.o
                0x08009610                USB_DeactivateEndpoint
 .text.USB_EPStartXfer
                0x080099ea      0xb5e ./Drivers/STM32L4xx_HAL_Driver/Src/stm32l4xx_ll_usb.o
                0x080099ea                USB_EPStartXfer
 .text.USB_EPSetStall
                0x0800a548       0xa2 ./Drivers/STM32L4xx_HAL_Driver/Src/stm32l4xx_ll_usb.o
                0x0800a548                USB_EPSetStall
 .text.USB_EPClearStall
                0x0800a5ea      0x152 ./Drivers/STM32L4xx_HAL_Driver/Src/stm32l4xx_ll_usb.o
                0x0800a5ea                USB_EPClearStall
 .text.USB_SetDevAddress
                0x0800a73c       0x28 ./Drivers/STM32L4xx_HAL_Driver/Src/stm32l4xx_ll_usb.o
                0x0800a73c                USB_SetDevAddress
 .text.USB_DevConnect
                0x0800a764       0x2e ./Drivers/STM32L4xx_HAL_Driver/Src/stm32l4xx_ll_usb.o
                0x0800a764                USB_DevConnect
 .text.USB_DevDisconnect
                0x0800a792       0x2a ./Drivers/STM32L4xx_HAL_Driver/Src/stm32l4xx_ll_usb.o
                0x0800a792                USB_DevDisconnect
 .text.USB_ReadInterrupts
                0x0800a7bc       0x20 ./Drivers/STM32L4xx_HAL_Driver/Src/stm32l4xx_ll_usb.o
                0x0800a7bc                USB_ReadInterrupts
 .text.USB_EP0_OutStart
                0x0800a7dc       0x18 ./Drivers/STM32L4xx_HAL_Driver/Src/stm32l4xx_ll_usb.o
                0x0800a7dc                USB_EP0_OutStart
 .text.USB_WritePMA
                0x0800a7f4       0x86 ./Drivers/STM32L4xx_HAL_Driver/Src/stm32l4xx_ll_usb.o
                0x0800a7f4                USB_WritePMA
 .text.USB_ReadPMA
                0x0800a87a       0x98 ./Drivers/STM32L4xx_HAL_Driver/Src/stm32l4xx_ll_usb.o
                0x0800a87a                USB_ReadPMA
 *fill*         0x0800a912        0x2 
 .text.__assert_func
                0x0800a914       0x3c C:/ST/STM32CubeIDE_1.19.0/STM32CubeIDE/plugins/com.st.stm32cube.ide.mcu.externaltools.gnu-tools-for-stm32.13.3.rel1.win32_1.0.0.202411081344/tools/bin/../lib/gcc/arm-none-eabi/13.3.1/../../../../arm-none-eabi/lib/thumb/v7e-m+fp/hard\libc_nano.a(libc_a-assert.o)
                0x0800a914                __assert_func
 .text.std      0x0800a950       0x6c C:/ST/STM32CubeIDE_1.19.0/STM32CubeIDE/plugins/com.st.stm32cube.ide.mcu.externaltools.gnu-tools-for-stm32.13.3.rel1.win32_1.0.0.202411081344/tools/bin/../lib/gcc/arm-none-eabi/13.3.1/../../../../arm-none-eabi/lib/thumb/v7e-m+fp/hard\libc_nano.a(libc_a-findfp.o)
 .text.stdio_exit_handler
                0x0800a9bc       0x18 C:/ST/STM32CubeIDE_1.19.0/STM32CubeIDE/plugins/com.st.stm32cube.ide.mcu.externaltools.gnu-tools-for-stm32.13.3.rel1.win32_1.0.0.202411081344/tools/bin/../lib/gcc/arm-none-eabi/13.3.1/../../../../arm-none-eabi/lib/thumb/v7e-m+fp/hard\libc_nano.a(libc_a-findfp.o)
 .text.cleanup_stdio
                0x0800a9d4       0x40 C:/ST/STM32CubeIDE_1.19.0/STM32CubeIDE/plugins/com.st.stm32cube.ide.mcu.externaltools.gnu-tools-for-stm32.13.3.rel1.win32_1.0.0.202411081344/tools/bin/../lib/gcc/arm-none-eabi/13.3.1/../../../../arm-none-eabi/lib/thumb/v7e-m+fp/hard\libc_nano.a(libc_a-findfp.o)
 .text.global_stdio_init.part.0
                0x0800aa14       0x3c C:/ST/STM32CubeIDE_1.19.0/STM32CubeIDE/plugins/com.st.stm32cube.ide.mcu.externaltools.gnu-tools-for-stm32.13.3.rel1.win32_1.0.0.202411081344/tools/bin/../lib/gcc/arm-none-eabi/13.3.1/../../../../arm-none-eabi/lib/thumb/v7e-m+fp/hard\libc_nano.a(libc_a-findfp.o)
 .text.__sfp_lock_acquire
                0x0800aa50        0xc C:/ST/STM32CubeIDE_1.19.0/STM32CubeIDE/plugins/com.st.stm32cube.ide.mcu.externaltools.gnu-tools-for-stm32.13.3.rel1.win32_1.0.0.202411081344/tools/bin/../lib/gcc/arm-none-eabi/13.3.1/../../../../arm-none-eabi/lib/thumb/v7e-m+fp/hard\libc_nano.a(libc_a-findfp.o)
                0x0800aa50                __sfp_lock_acquire
 .text.__sfp_lock_release
                0x0800aa5c        0xc C:/ST/STM32CubeIDE_1.19.0/STM32CubeIDE/plugins/com.st.stm32cube.ide.mcu.externaltools.gnu-tools-for-stm32.13.3.rel1.win32_1.0.0.202411081344/tools/bin/../lib/gcc/arm-none-eabi/13.3.1/../../../../arm-none-eabi/lib/thumb/v7e-m+fp/hard\libc_nano.a(libc_a-findfp.o)
                0x0800aa5c                __sfp_lock_release
 .text.__sinit  0x0800aa68       0x30 C:/ST/STM32CubeIDE_1.19.0/STM32CubeIDE/plugins/com.st.stm32cube.ide.mcu.externaltools.gnu-tools-for-stm32.13.3.rel1.win32_1.0.0.202411081344/tools/bin/../lib/gcc/arm-none-eabi/13.3.1/../../../../arm-none-eabi/lib/thumb/v7e-m+fp/hard\libc_nano.a(libc_a-findfp.o)
                0x0800aa68                __sinit
 .text.fprintf  0x0800aa98       0x24 C:/ST/STM32CubeIDE_1.19.0/STM32CubeIDE/plugins/com.st.stm32cube.ide.mcu.externaltools.gnu-tools-for-stm32.13.3.rel1.win32_1.0.0.202411081344/tools/bin/../lib/gcc/arm-none-eabi/13.3.1/../../../../arm-none-eabi/lib/thumb/v7e-m+fp/hard\libc_nano.a(libc_a-fprintf.o)
                0x0800aa98                fiprintf
                0x0800aa98                fprintf
 .text._fwalk_sglue
                0x0800aabc       0x3c C:/ST/STM32CubeIDE_1.19.0/STM32CubeIDE/plugins/com.st.stm32cube.ide.mcu.externaltools.gnu-tools-for-stm32.13.3.rel1.win32_1.0.0.202411081344/tools/bin/../lib/gcc/arm-none-eabi/13.3.1/../../../../arm-none-eabi/lib/thumb/v7e-m+fp/hard\libc_nano.a(libc_a-fwalk.o)
                0x0800aabc                _fwalk_sglue
 .text.__sread  0x0800aaf8       0x22 C:/ST/STM32CubeIDE_1.19.0/STM32CubeIDE/plugins/com.st.stm32cube.ide.mcu.externaltools.gnu-tools-for-stm32.13.3.rel1.win32_1.0.0.202411081344/tools/bin/../lib/gcc/arm-none-eabi/13.3.1/../../../../arm-none-eabi/lib/thumb/v7e-m+fp/hard\libc_nano.a(libc_a-stdio.o)
                0x0800aaf8                __sread
 .text.__swrite
                0x0800ab1a       0x38 C:/ST/STM32CubeIDE_1.19.0/STM32CubeIDE/plugins/com.st.stm32cube.ide.mcu.externaltools.gnu-tools-for-stm32.13.3.rel1.win32_1.0.0.202411081344/tools/bin/../lib/gcc/arm-none-eabi/13.3.1/../../../../arm-none-eabi/lib/thumb/v7e-m+fp/hard\libc_nano.a(libc_a-stdio.o)
                0x0800ab1a                __swrite
 .text.__sseek  0x0800ab52       0x24 C:/ST/STM32CubeIDE_1.19.0/STM32CubeIDE/plugins/com.st.stm32cube.ide.mcu.externaltools.gnu-tools-for-stm32.13.3.rel1.win32_1.0.0.202411081344/tools/bin/../lib/gcc/arm-none-eabi/13.3.1/../../../../arm-none-eabi/lib/thumb/v7e-m+fp/hard\libc_nano.a(libc_a-stdio.o)
                0x0800ab52                __sseek
 .text.__sclose
                0x0800ab76        0x8 C:/ST/STM32CubeIDE_1.19.0/STM32CubeIDE/plugins/com.st.stm32cube.ide.mcu.externaltools.gnu-tools-for-stm32.13.3.rel1.win32_1.0.0.202411081344/tools/bin/../lib/gcc/arm-none-eabi/13.3.1/../../../../arm-none-eabi/lib/thumb/v7e-m+fp/hard\libc_nano.a(libc_a-stdio.o)
                0x0800ab76                __sclose
 .text.memset   0x0800ab7e       0x10 C:/ST/STM32CubeIDE_1.19.0/STM32CubeIDE/plugins/com.st.stm32cube.ide.mcu.externaltools.gnu-tools-for-stm32.13.3.rel1.win32_1.0.0.202411081344/tools/bin/../lib/gcc/arm-none-eabi/13.3.1/../../../../arm-none-eabi/lib/thumb/v7e-m+fp/hard\libc_nano.a(libc_a-memset.o)
                0x0800ab7e                memset
 *fill*         0x0800ab8e        0x2 
 .text._close_r
                0x0800ab90       0x20 C:/ST/STM32CubeIDE_1.19.0/STM32CubeIDE/plugins/com.st.stm32cube.ide.mcu.externaltools.gnu-tools-for-stm32.13.3.rel1.win32_1.0.0.202411081344/tools/bin/../lib/gcc/arm-none-eabi/13.3.1/../../../../arm-none-eabi/lib/thumb/v7e-m+fp/hard\libc_nano.a(libc_a-closer.o)
                0x0800ab90                _close_r
 .text._lseek_r
                0x0800abb0       0x24 C:/ST/STM32CubeIDE_1.19.0/STM32CubeIDE/plugins/com.st.stm32cube.ide.mcu.externaltools.gnu-tools-for-stm32.13.3.rel1.win32_1.0.0.202411081344/tools/bin/../lib/gcc/arm-none-eabi/13.3.1/../../../../arm-none-eabi/lib/thumb/v7e-m+fp/hard\libc_nano.a(libc_a-lseekr.o)
                0x0800abb0                _lseek_r
 .text._read_r  0x0800abd4       0x24 C:/ST/STM32CubeIDE_1.19.0/STM32CubeIDE/plugins/com.st.stm32cube.ide.mcu.externaltools.gnu-tools-for-stm32.13.3.rel1.win32_1.0.0.202411081344/tools/bin/../lib/gcc/arm-none-eabi/13.3.1/../../../../arm-none-eabi/lib/thumb/v7e-m+fp/hard\libc_nano.a(libc_a-readr.o)
                0x0800abd4                _read_r
 .text._write_r
                0x0800abf8       0x24 C:/ST/STM32CubeIDE_1.19.0/STM32CubeIDE/plugins/com.st.stm32cube.ide.mcu.externaltools.gnu-tools-for-stm32.13.3.rel1.win32_1.0.0.202411081344/tools/bin/../lib/gcc/arm-none-eabi/13.3.1/../../../../arm-none-eabi/lib/thumb/v7e-m+fp/hard\libc_nano.a(libc_a-writer.o)
                0x0800abf8                _write_r
 .text.__errno  0x0800ac1c        0xc C:/ST/STM32CubeIDE_1.19.0/STM32CubeIDE/plugins/com.st.stm32cube.ide.mcu.externaltools.gnu-tools-for-stm32.13.3.rel1.win32_1.0.0.202411081344/tools/bin/../lib/gcc/arm-none-eabi/13.3.1/../../../../arm-none-eabi/lib/thumb/v7e-m+fp/hard\libc_nano.a(libc_a-errno.o)
                0x0800ac1c                __errno
 .text.__libc_init_array
                0x0800ac28       0x48 C:/ST/STM32CubeIDE_1.19.0/STM32CubeIDE/plugins/com.st.stm32cube.ide.mcu.externaltools.gnu-tools-for-stm32.13.3.rel1.win32_1.0.0.202411081344/tools/bin/../lib/gcc/arm-none-eabi/13.3.1/../../../../arm-none-eabi/lib/thumb/v7e-m+fp/hard\libc_nano.a(libc_a-init.o)
                0x0800ac28                __libc_init_array
 .text.__retarget_lock_init_recursive
                0x0800ac70        0x2 C:/ST/STM32CubeIDE_1.19.0/STM32CubeIDE/plugins/com.st.stm32cube.ide.mcu.externaltools.gnu-tools-for-stm32.13.3.rel1.win32_1.0.0.202411081344/tools/bin/../lib/gcc/arm-none-eabi/13.3.1/../../../../arm-none-eabi/lib/thumb/v7e-m+fp/hard\libc_nano.a(libc_a-lock.o)
                0x0800ac70                __retarget_lock_init_recursive
 .text.__retarget_lock_acquire_recursive
                0x0800ac72        0x2 C:/ST/STM32CubeIDE_1.19.0/STM32CubeIDE/plugins/com.st.stm32cube.ide.mcu.externaltools.gnu-tools-for-stm32.13.3.rel1.win32_1.0.0.202411081344/tools/bin/../lib/gcc/arm-none-eabi/13.3.1/../../../../arm-none-eabi/lib/thumb/v7e-m+fp/hard\libc_nano.a(libc_a-lock.o)
                0x0800ac72                __retarget_lock_acquire_recursive
 .text.__retarget_lock_release_recursive
                0x0800ac74        0x2 C:/ST/STM32CubeIDE_1.19.0/STM32CubeIDE/plugins/com.st.stm32cube.ide.mcu.externaltools.gnu-tools-for-stm32.13.3.rel1.win32_1.0.0.202411081344/tools/bin/../lib/gcc/arm-none-eabi/13.3.1/../../../../arm-none-eabi/lib/thumb/v7e-m+fp/hard\libc_nano.a(libc_a-lock.o)
                0x0800ac74                __retarget_lock_release_recursive
 .text.memcpy   0x0800ac76       0x1c C:/ST/STM32CubeIDE_1.19.0/STM32CubeIDE/plugins/com.st.stm32cube.ide.mcu.externaltools.gnu-tools-for-stm32.13.3.rel1.win32_1.0.0.202411081344/tools/bin/../lib/gcc/arm-none-eabi/13.3.1/../../../../arm-none-eabi/lib/thumb/v7e-m+fp/hard\libc_nano.a(libc_a-memcpy-stub.o)
                0x0800ac76                memcpy
 .text.abort    0x0800ac92        0xe C:/ST/STM32CubeIDE_1.19.0/STM32CubeIDE/plugins/com.st.stm32cube.ide.mcu.externaltools.gnu-tools-for-stm32.13.3.rel1.win32_1.0.0.202411081344/tools/bin/../lib/gcc/arm-none-eabi/13.3.1/../../../../arm-none-eabi/lib/thumb/v7e-m+fp/hard\libc_nano.a(libc_a-abort.o)
                0x0800ac92                abort
 .text._free_r  0x0800aca0       0x94 C:/ST/STM32CubeIDE_1.19.0/STM32CubeIDE/plugins/com.st.stm32cube.ide.mcu.externaltools.gnu-tools-for-stm32.13.3.rel1.win32_1.0.0.202411081344/tools/bin/../lib/gcc/arm-none-eabi/13.3.1/../../../../arm-none-eabi/lib/thumb/v7e-m+fp/hard\libc_nano.a(libc_a-freer.o)
                0x0800aca0                _free_r
 .text.sbrk_aligned
                0x0800ad34       0x44 C:/ST/STM32CubeIDE_1.19.0/STM32CubeIDE/plugins/com.st.stm32cube.ide.mcu.externaltools.gnu-tools-for-stm32.13.3.rel1.win32_1.0.0.202411081344/tools/bin/../lib/gcc/arm-none-eabi/13.3.1/../../../../arm-none-eabi/lib/thumb/v7e-m+fp/hard\libc_nano.a(libc_a-mallocr.o)
 .text._malloc_r
                0x0800ad78      0x100 C:/ST/STM32CubeIDE_1.19.0/STM32CubeIDE/plugins/com.st.stm32cube.ide.mcu.externaltools.gnu-tools-for-stm32.13.3.rel1.win32_1.0.0.202411081344/tools/bin/../lib/gcc/arm-none-eabi/13.3.1/../../../../arm-none-eabi/lib/thumb/v7e-m+fp/hard\libc_nano.a(libc_a-mallocr.o)
                0x0800ad78                _malloc_r
 .text.__malloc_lock
                0x0800ae78        0xc C:/ST/STM32CubeIDE_1.19.0/STM32CubeIDE/plugins/com.st.stm32cube.ide.mcu.externaltools.gnu-tools-for-stm32.13.3.rel1.win32_1.0.0.202411081344/tools/bin/../lib/gcc/arm-none-eabi/13.3.1/../../../../arm-none-eabi/lib/thumb/v7e-m+fp/hard\libc_nano.a(libc_a-mlock.o)
                0x0800ae78                __malloc_lock
 .text.__malloc_unlock
                0x0800ae84        0xc C:/ST/STM32CubeIDE_1.19.0/STM32CubeIDE/plugins/com.st.stm32cube.ide.mcu.externaltools.gnu-tools-for-stm32.13.3.rel1.win32_1.0.0.202411081344/tools/bin/../lib/gcc/arm-none-eabi/13.3.1/../../../../arm-none-eabi/lib/thumb/v7e-m+fp/hard\libc_nano.a(libc_a-mlock.o)
                0x0800ae84                __malloc_unlock
 .text.__sfputc_r
                0x0800ae90       0x2e C:/ST/STM32CubeIDE_1.19.0/STM32CubeIDE/plugins/com.st.stm32cube.ide.mcu.externaltools.gnu-tools-for-stm32.13.3.rel1.win32_1.0.0.202411081344/tools/bin/../lib/gcc/arm-none-eabi/13.3.1/../../../../arm-none-eabi/lib/thumb/v7e-m+fp/hard\libc_nano.a(libc_a-nano-vfprintf.o)
 .text.__sfputs_r
                0x0800aebe       0x24 C:/ST/STM32CubeIDE_1.19.0/STM32CubeIDE/plugins/com.st.stm32cube.ide.mcu.externaltools.gnu-tools-for-stm32.13.3.rel1.win32_1.0.0.202411081344/tools/bin/../lib/gcc/arm-none-eabi/13.3.1/../../../../arm-none-eabi/lib/thumb/v7e-m+fp/hard\libc_nano.a(libc_a-nano-vfprintf.o)
                0x0800aebe                __sfputs_r
 *fill*         0x0800aee2        0x2 
 .text._vfprintf_r
                0x0800aee4      0x230 C:/ST/STM32CubeIDE_1.19.0/STM32CubeIDE/plugins/com.st.stm32cube.ide.mcu.externaltools.gnu-tools-for-stm32.13.3.rel1.win32_1.0.0.202411081344/tools/bin/../lib/gcc/arm-none-eabi/13.3.1/../../../../arm-none-eabi/lib/thumb/v7e-m+fp/hard\libc_nano.a(libc_a-nano-vfprintf.o)
                0x0800aee4                _vfprintf_r
                0x0800aee4                _vfiprintf_r
 .text._printf_common
                0x0800b114       0xda C:/ST/STM32CubeIDE_1.19.0/STM32CubeIDE/plugins/com.st.stm32cube.ide.mcu.externaltools.gnu-tools-for-stm32.13.3.rel1.win32_1.0.0.202411081344/tools/bin/../lib/gcc/arm-none-eabi/13.3.1/../../../../arm-none-eabi/lib/thumb/v7e-m+fp/hard\libc_nano.a(libc_a-nano-vfprintf_i.o)
                0x0800b114                _printf_common
 *fill*         0x0800b1ee        0x2 
 .text._printf_i
                0x0800b1f0      0x23c C:/ST/STM32CubeIDE_1.19.0/STM32CubeIDE/plugins/com.st.stm32cube.ide.mcu.externaltools.gnu-tools-for-stm32.13.3.rel1.win32_1.0.0.202411081344/tools/bin/../lib/gcc/arm-none-eabi/13.3.1/../../../../arm-none-eabi/lib/thumb/v7e-m+fp/hard\libc_nano.a(libc_a-nano-vfprintf_i.o)
                0x0800b1f0                _printf_i
 .text.__sflush_r
                0x0800b42c      0x108 C:/ST/STM32CubeIDE_1.19.0/STM32CubeIDE/plugins/com.st.stm32cube.ide.mcu.externaltools.gnu-tools-for-stm32.13.3.rel1.win32_1.0.0.202411081344/tools/bin/../lib/gcc/arm-none-eabi/13.3.1/../../../../arm-none-eabi/lib/thumb/v7e-m+fp/hard\libc_nano.a(libc_a-fflush.o)
                0x0800b42c                __sflush_r
 .text._fflush_r
                0x0800b534       0x50 C:/ST/STM32CubeIDE_1.19.0/STM32CubeIDE/plugins/com.st.stm32cube.ide.mcu.externaltools.gnu-tools-for-stm32.13.3.rel1.win32_1.0.0.202411081344/tools/bin/../lib/gcc/arm-none-eabi/13.3.1/../../../../arm-none-eabi/lib/thumb/v7e-m+fp/hard\libc_nano.a(libc_a-fflush.o)
                0x0800b534                _fflush_r
 .text.__swbuf_r
                0x0800b584       0x7c C:/ST/STM32CubeIDE_1.19.0/STM32CubeIDE/plugins/com.st.stm32cube.ide.mcu.externaltools.gnu-tools-for-stm32.13.3.rel1.win32_1.0.0.202411081344/tools/bin/../lib/gcc/arm-none-eabi/13.3.1/../../../../arm-none-eabi/lib/thumb/v7e-m+fp/hard\libc_nano.a(libc_a-wbuf.o)
                0x0800b584                __swbuf_r
 .text.__swsetup_r
                0x0800b600       0xac C:/ST/STM32CubeIDE_1.19.0/STM32CubeIDE/plugins/com.st.stm32cube.ide.mcu.externaltools.gnu-tools-for-stm32.13.3.rel1.win32_1.0.0.202411081344/tools/bin/../lib/gcc/arm-none-eabi/13.3.1/../../../../arm-none-eabi/lib/thumb/v7e-m+fp/hard\libc_nano.a(libc_a-wsetup.o)
                0x0800b600                __swsetup_r
 .text._raise_r
                0x0800b6ac       0x50 C:/ST/STM32CubeIDE_1.19.0/STM32CubeIDE/plugins/com.st.stm32cube.ide.mcu.externaltools.gnu-tools-for-stm32.13.3.rel1.win32_1.0.0.202411081344/tools/bin/../lib/gcc/arm-none-eabi/13.3.1/../../../../arm-none-eabi/lib/thumb/v7e-m+fp/hard\libc_nano.a(libc_a-signal.o)
                0x0800b6ac                _raise_r
 .text.raise    0x0800b6fc       0x10 C:/ST/STM32CubeIDE_1.19.0/STM32CubeIDE/plugins/com.st.stm32cube.ide.mcu.externaltools.gnu-tools-for-stm32.13.3.rel1.win32_1.0.0.202411081344/tools/bin/../lib/gcc/arm-none-eabi/13.3.1/../../../../arm-none-eabi/lib/thumb/v7e-m+fp/hard\libc_nano.a(libc_a-signal.o)
                0x0800b6fc                raise
 .text._kill_r  0x0800b70c       0x24 C:/ST/STM32CubeIDE_1.19.0/STM32CubeIDE/plugins/com.st.stm32cube.ide.mcu.externaltools.gnu-tools-for-stm32.13.3.rel1.win32_1.0.0.202411081344/tools/bin/../lib/gcc/arm-none-eabi/13.3.1/../../../../arm-none-eabi/lib/thumb/v7e-m+fp/hard\libc_nano.a(libc_a-signalr.o)
                0x0800b70c                _kill_r
 .text._getpid_r
                0x0800b730        0x4 C:/ST/STM32CubeIDE_1.19.0/STM32CubeIDE/plugins/com.st.stm32cube.ide.mcu.externaltools.gnu-tools-for-stm32.13.3.rel1.win32_1.0.0.202411081344/tools/bin/../lib/gcc/arm-none-eabi/13.3.1/../../../../arm-none-eabi/lib/thumb/v7e-m+fp/hard\libc_nano.a(libc_a-signalr.o)
                0x0800b730                _getpid_r
 .text._sbrk_r  0x0800b734       0x20 C:/ST/STM32CubeIDE_1.19.0/STM32CubeIDE/plugins/com.st.stm32cube.ide.mcu.externaltools.gnu-tools-for-stm32.13.3.rel1.win32_1.0.0.202411081344/tools/bin/../lib/gcc/arm-none-eabi/13.3.1/../../../../arm-none-eabi/lib/thumb/v7e-m+fp/hard\libc_nano.a(libc_a-sbrkr.o)
                0x0800b734                _sbrk_r
 .text.__swhatbuf_r
                0x0800b754       0x4c C:/ST/STM32CubeIDE_1.19.0/STM32CubeIDE/plugins/com.st.stm32cube.ide.mcu.externaltools.gnu-tools-for-stm32.13.3.rel1.win32_1.0.0.202411081344/tools/bin/../lib/gcc/arm-none-eabi/13.3.1/../../../../arm-none-eabi/lib/thumb/v7e-m+fp/hard\libc_nano.a(libc_a-makebuf.o)
                0x0800b754                __swhatbuf_r
 .text.__smakebuf_r
                0x0800b7a0       0x78 C:/ST/STM32CubeIDE_1.19.0/STM32CubeIDE/plugins/com.st.stm32cube.ide.mcu.externaltools.gnu-tools-for-stm32.13.3.rel1.win32_1.0.0.202411081344/tools/bin/../lib/gcc/arm-none-eabi/13.3.1/../../../../arm-none-eabi/lib/thumb/v7e-m+fp/hard\libc_nano.a(libc_a-makebuf.o)
                0x0800b7a0                __smakebuf_r
 .text._fstat_r
                0x0800b818       0x24 C:/ST/STM32CubeIDE_1.19.0/STM32CubeIDE/plugins/com.st.stm32cube.ide.mcu.externaltools.gnu-tools-for-stm32.13.3.rel1.win32_1.0.0.202411081344/tools/bin/../lib/gcc/arm-none-eabi/13.3.1/../../../../arm-none-eabi/lib/thumb/v7e-m+fp/hard\libc_nano.a(libc_a-fstatr.o)
                0x0800b818                _fstat_r
 .text._isatty_r
                0x0800b83c       0x20 C:/ST/STM32CubeIDE_1.19.0/STM32CubeIDE/plugins/com.st.stm32cube.ide.mcu.externaltools.gnu-tools-for-stm32.13.3.rel1.win32_1.0.0.202411081344/tools/bin/../lib/gcc/arm-none-eabi/13.3.1/../../../../arm-none-eabi/lib/thumb/v7e-m+fp/hard\libc_nano.a(libc_a-isattyr.o)
                0x0800b83c                _isatty_r
 *(.glue_7)
 .glue_7        0x0800b85c        0x0 linker stubs
 *(.glue_7t)
 .glue_7t       0x0800b85c        0x0 linker stubs
 *(.eh_frame)
 .eh_frame      0x0800b85c        0x0 C:/ST/STM32CubeIDE_1.19.0/STM32CubeIDE/plugins/com.st.stm32cube.ide.mcu.externaltools.gnu-tools-for-stm32.13.3.rel1.win32_1.0.0.202411081344/tools/bin/../lib/gcc/arm-none-eabi/13.3.1/thumb/v7e-m+fp/hard/crtbegin.o
 *(.init)
 .init          0x0800b85c        0x4 C:/ST/STM32CubeIDE_1.19.0/STM32CubeIDE/plugins/com.st.stm32cube.ide.mcu.externaltools.gnu-tools-for-stm32.13.3.rel1.win32_1.0.0.202411081344/tools/bin/../lib/gcc/arm-none-eabi/13.3.1/thumb/v7e-m+fp/hard/crti.o
                0x0800b85c                _init
 .init          0x0800b860        0x8 C:/ST/STM32CubeIDE_1.19.0/STM32CubeIDE/plugins/com.st.stm32cube.ide.mcu.externaltools.gnu-tools-for-stm32.13.3.rel1.win32_1.0.0.202411081344/tools/bin/../lib/gcc/arm-none-eabi/13.3.1/thumb/v7e-m+fp/hard/crtn.o
 *(.fini)
 .fini          0x0800b868        0x4 C:/ST/STM32CubeIDE_1.19.0/STM32CubeIDE/plugins/com.st.stm32cube.ide.mcu.externaltools.gnu-tools-for-stm32.13.3.rel1.win32_1.0.0.202411081344/tools/bin/../lib/gcc/arm-none-eabi/13.3.1/thumb/v7e-m+fp/hard/crti.o
                0x0800b868                _fini
 .fini          0x0800b86c        0x8 C:/ST/STM32CubeIDE_1.19.0/STM32CubeIDE/plugins/com.st.stm32cube.ide.mcu.externaltools.gnu-tools-for-stm32.13.3.rel1.win32_1.0.0.202411081344/tools/bin/../lib/gcc/arm-none-eabi/13.3.1/thumb/v7e-m+fp/hard/crtn.o
                0x0800b874                        . = ALIGN (0x4)
                0x0800b874                        _etext = .

.vfp11_veneer   0x0800b874        0x0
 .vfp11_veneer  0x0800b874        0x0 linker stubs

.v4_bx          0x0800b874        0x0
 .v4_bx         0x0800b874        0x0 linker stubs

.iplt           0x0800b874        0x0
 .iplt          0x0800b874        0x0 C:/ST/STM32CubeIDE_1.19.0/STM32CubeIDE/plugins/com.st.stm32cube.ide.mcu.externaltools.gnu-tools-for-stm32.13.3.rel1.win32_1.0.0.202411081344/tools/bin/../lib/gcc/arm-none-eabi/13.3.1/thumb/v7e-m+fp/hard/crtbegin.o

.rodata         0x0800b874      0x478
                0x0800b874                        . = ALIGN (0x4)
 *(.rodata)
 .rodata        0x0800b874       0x58 ./Core/Repo/Src/SSD1306_SPI_Driver.o
 .rodata        0x0800b8cc       0x3e ./Core/Repo/USB_DEVICE/App/usbd_desc.o
 *(.rodata*)
 *fill*         0x0800b90a        0x2 
 .rodata._ZL14legendsZATitle
                0x0800b90c        0xc ./Core/Repo/Src/SSD1306_SPI_Driver.o
 .rodata._ZL9macroList
                0x0800b918      0x12b ./Core/Repo/Src/SSD1306_SPI_Driver.o
 *fill*         0x0800ba43        0x1 
 .rodata._ZL12currentState
                0x0800ba44       0x10 ./Core/Repo/Src/SSD1306_SPI_Driver.o
 .rodata._ZL19ssd1306xled_font5x7
                0x0800ba54      0x1e5 ./Core/Repo/Src/SSD1306_SPI_Driver.o
 *fill*         0x0800bc39        0x3 
 .rodata.AHBPrescTable
                0x0800bc3c       0x10 ./Core/Src/system_stm32l4xx.o
                0x0800bc3c                AHBPrescTable
 .rodata.MSIRangeTable
                0x0800bc4c       0x30 ./Core/Src/system_stm32l4xx.o
                0x0800bc4c                MSIRangeTable
 .rodata.__assert_func.str1.1
                0x0800bc7c       0x6f C:/ST/STM32CubeIDE_1.19.0/STM32CubeIDE/plugins/com.st.stm32cube.ide.mcu.externaltools.gnu-tools-for-stm32.13.3.rel1.win32_1.0.0.202411081344/tools/bin/../lib/gcc/arm-none-eabi/13.3.1/../../../../arm-none-eabi/lib/thumb/v7e-m+fp/hard\libc_nano.a(libc_a-assert.o)
                                 0x3d (size before relaxing)
 .rodata._vfprintf_r.str1.1
                0x0800bceb       0x11 C:/ST/STM32CubeIDE_1.19.0/STM32CubeIDE/plugins/com.st.stm32cube.ide.mcu.externaltools.gnu-tools-for-stm32.13.3.rel1.win32_1.0.0.202411081344/tools/bin/../lib/gcc/arm-none-eabi/13.3.1/../../../../arm-none-eabi/lib/thumb/v7e-m+fp/hard\libc_nano.a(libc_a-nano-vfprintf.o)
 .rodata._printf_i.str1.1
                0x0800bceb       0x22 C:/ST/STM32CubeIDE_1.19.0/STM32CubeIDE/plugins/com.st.stm32cube.ide.mcu.externaltools.gnu-tools-for-stm32.13.3.rel1.win32_1.0.0.202411081344/tools/bin/../lib/gcc/arm-none-eabi/13.3.1/../../../../arm-none-eabi/lib/thumb/v7e-m+fp/hard\libc_nano.a(libc_a-nano-vfprintf_i.o)
                0x0800bd10                        . = ALIGN (0x4)
 *fill*         0x0800bceb        0x1 

.ARM.extab      0x0800bcec        0x0
                0x0800bcec                        . = ALIGN (0x4)
 *(.ARM.extab* .gnu.linkonce.armextab.*)
                0x0800bcec                        . = ALIGN (0x4)

.ARM            0x0800bcec        0x8
                0x0800bcec                        . = ALIGN (0x4)
                0x0800bcec                        __exidx_start = .
 *(.ARM.exidx*)
 .ARM.exidx     0x0800bcec        0x8 C:/ST/STM32CubeIDE_1.19.0/STM32CubeIDE/plugins/com.st.stm32cube.ide.mcu.externaltools.gnu-tools-for-stm32.13.3.rel1.win32_1.0.0.202411081344/tools/bin/../lib/gcc/arm-none-eabi/13.3.1/../../../../arm-none-eabi/lib/thumb/v7e-m+fp/hard\libc_nano.a(libc_a-strlen.o)
 .ARM.exidx     0x0800bcf4        0x0 C:/ST/STM32CubeIDE_1.19.0/STM32CubeIDE/plugins/com.st.stm32cube.ide.mcu.externaltools.gnu-tools-for-stm32.13.3.rel1.win32_1.0.0.202411081344/tools/bin/../lib/gcc/arm-none-eabi/13.3.1/../../../../arm-none-eabi/lib/thumb/v7e-m+fp/hard\libc_nano.a(libc_a-memchr.o)
                                  0x8 (size before relaxing)
                0x0800bcf4                        __exidx_end = .
                0x0800bcf4                        . = ALIGN (0x4)

.preinit_array  0x0800bcf4        0x0
                0x0800bcf4                        . = ALIGN (0x4)
                0x0800bcf4                        PROVIDE (__preinit_array_start = .)
 *(.preinit_array*)
                0x0800bcf4                        PROVIDE (__preinit_array_end = .)
                0x0800bcf4                        . = ALIGN (0x4)

.init_array     0x0800bcf4        0x8
                0x0800bcf4                        . = ALIGN (0x4)
                0x0800bcf4                        PROVIDE (__init_array_start = .)
 *(SORT_BY_NAME(.init_array.*))
 *(.init_array*)
 .init_array    0x0800bcf4        0x4 C:/ST/STM32CubeIDE_1.19.0/STM32CubeIDE/plugins/com.st.stm32cube.ide.mcu.externaltools.gnu-tools-for-stm32.13.3.rel1.win32_1.0.0.202411081344/tools/bin/../lib/gcc/arm-none-eabi/13.3.1/thumb/v7e-m+fp/hard/crtbegin.o
 .init_array    0x0800bcf8        0x4 ./Core/Repo/Src/cpp_main.o
                0x0800bcfc                        PROVIDE (__init_array_end = .)
                0x0800bcfc                        . = ALIGN (0x4)

.fini_array     0x0800bcfc        0x4
                0x0800bcfc                        . = ALIGN (0x4)
                [!provide]                        PROVIDE (__fini_array_start = .)
 *(SORT_BY_NAME(.fini_array.*))
 *(.fini_array*)
 .fini_array    0x0800bcfc        0x4 C:/ST/STM32CubeIDE_1.19.0/STM32CubeIDE/plugins/com.st.stm32cube.ide.mcu.externaltools.gnu-tools-for-stm32.13.3.rel1.win32_1.0.0.202411081344/tools/bin/../lib/gcc/arm-none-eabi/13.3.1/thumb/v7e-m+fp/hard/crtbegin.o
                [!provide]                        PROVIDE (__fini_array_end = .)
                0x0800bd00                        . = ALIGN (0x4)
                0x0800bd00                        _sidata = LOADADDR (.data)

.rel.dyn        0x0800bd00        0x0
 .rel.iplt      0x0800bd00        0x0 C:/ST/STM32CubeIDE_1.19.0/STM32CubeIDE/plugins/com.st.stm32cube.ide.mcu.externaltools.gnu-tools-for-stm32.13.3.rel1.win32_1.0.0.202411081344/tools/bin/../lib/gcc/arm-none-eabi/13.3.1/thumb/v7e-m+fp/hard/crtbegin.o

.data           0x20000000      0x19c load address 0x0800bd00
                0x20000000                        . = ALIGN (0x4)
                0x20000000                        _sdata = .
 *(.data)
 *(.data*)
 .data.USBD_HID
                0x20000000       0x38 ./Core/Repo/Middlewares/ST/STM32_USB_Device_Library/Class/HID/Src/usbd_hid.o
                0x20000000                USBD_HID
 .data.USBD_HID_CfgDesc
                0x20000038       0x29 ./Core/Repo/Middlewares/ST/STM32_USB_Device_Library/Class/HID/Src/usbd_hid.o
 *fill*         0x20000061        0x3 
 .data.USBD_HID_Desc
                0x20000064        0x9 ./Core/Repo/Middlewares/ST/STM32_USB_Device_Library/Class/HID/Src/usbd_hid.o
 *fill*         0x2000006d        0x3 
 .data.USBD_HID_DeviceQualifierDesc
                0x20000070        0xa ./Core/Repo/Middlewares/ST/STM32_USB_Device_Library/Class/HID/Src/usbd_hid.o
 *fill*         0x2000007a        0x2 
 .data.HID_MOUSE_ReportDesc
                0x2000007c       0x56 ./Core/Repo/Middlewares/ST/STM32_USB_Device_Library/Class/HID/Src/usbd_hid.o
 .data.HIDInEpAdd
                0x200000d2        0x1 ./Core/Repo/Middlewares/ST/STM32_USB_Device_Library/Class/HID/Src/usbd_hid.o
 *fill*         0x200000d3        0x1 
 .data.FS_Desc  0x200000d4       0x20 ./Core/Repo/USB_DEVICE/App/usbd_desc.o
                0x200000d4                FS_Desc
 .data.USBD_FS_DeviceDesc
                0x200000f4       0x12 ./Core/Repo/USB_DEVICE/App/usbd_desc.o
                0x200000f4                USBD_FS_DeviceDesc
 *fill*         0x20000106        0x2 
 .data.USBD_FS_BOSDesc
                0x20000108        0xc ./Core/Repo/USB_DEVICE/App/usbd_desc.o
                0x20000108                USBD_FS_BOSDesc
 .data.USBD_LangIDDesc
                0x20000114        0x4 ./Core/Repo/USB_DEVICE/App/usbd_desc.o
                0x20000114                USBD_LangIDDesc
 .data.USBD_StringSerial
                0x20000118       0x1a ./Core/Repo/USB_DEVICE/App/usbd_desc.o
                0x20000118                USBD_StringSerial
 *fill*         0x20000132        0x2 
 .data.SystemCoreClock
                0x20000134        0x4 ./Core/Src/system_stm32l4xx.o
                0x20000134                SystemCoreClock
 .data.uwTickPrio
                0x20000138        0x4 ./Drivers/STM32L4xx_HAL_Driver/Src/stm32l4xx_hal.o
                0x20000138                uwTickPrio
 .data.uwTickFreq
                0x2000013c        0x1 ./Drivers/STM32L4xx_HAL_Driver/Src/stm32l4xx_hal.o
                0x2000013c                uwTickFreq
 *fill*         0x2000013d        0x3 
 .data.__sglue  0x20000140        0xc C:/ST/STM32CubeIDE_1.19.0/STM32CubeIDE/plugins/com.st.stm32cube.ide.mcu.externaltools.gnu-tools-for-stm32.13.3.rel1.win32_1.0.0.202411081344/tools/bin/../lib/gcc/arm-none-eabi/13.3.1/../../../../arm-none-eabi/lib/thumb/v7e-m+fp/hard\libc_nano.a(libc_a-findfp.o)
                0x20000140                __sglue
 .data._impure_ptr
                0x2000014c        0x4 C:/ST/STM32CubeIDE_1.19.0/STM32CubeIDE/plugins/com.st.stm32cube.ide.mcu.externaltools.gnu-tools-for-stm32.13.3.rel1.win32_1.0.0.202411081344/tools/bin/../lib/gcc/arm-none-eabi/13.3.1/../../../../arm-none-eabi/lib/thumb/v7e-m+fp/hard\libc_nano.a(libc_a-impure.o)
                0x2000014c                _impure_ptr
 .data._impure_data
                0x20000150       0x4c C:/ST/STM32CubeIDE_1.19.0/STM32CubeIDE/plugins/com.st.stm32cube.ide.mcu.externaltools.gnu-tools-for-stm32.13.3.rel1.win32_1.0.0.202411081344/tools/bin/../lib/gcc/arm-none-eabi/13.3.1/../../../../arm-none-eabi/lib/thumb/v7e-m+fp/hard\libc_nano.a(libc_a-impure.o)
                0x20000150                _impure_data
 *(.RamFunc)
 *(.RamFunc*)
                0x2000019c                        . = ALIGN (0x4)
                0x2000019c                        _edata = .

.igot.plt       0x2000019c        0x0 load address 0x0800be9c
 .igot.plt      0x2000019c        0x0 C:/ST/STM32CubeIDE_1.19.0/STM32CubeIDE/plugins/com.st.stm32cube.ide.mcu.externaltools.gnu-tools-for-stm32.13.3.rel1.win32_1.0.0.202411081344/tools/bin/../lib/gcc/arm-none-eabi/13.3.1/thumb/v7e-m+fp/hard/crtbegin.o
                0x2000019c                        . = ALIGN (0x4)

.bss            0x2000019c      0xa6c load address 0x0800be9c
                0x2000019c                        _sbss = .
                0x2000019c                        __bss_start__ = _sbss
 *(.bss)
 .bss           0x2000019c       0x1c C:/ST/STM32CubeIDE_1.19.0/STM32CubeIDE/plugins/com.st.stm32cube.ide.mcu.externaltools.gnu-tools-for-stm32.13.3.rel1.win32_1.0.0.202411081344/tools/bin/../lib/gcc/arm-none-eabi/13.3.1/thumb/v7e-m+fp/hard/crtbegin.o
 *(.bss*)
 .bss.cfgidx.0  0x200001b8        0x1 ./Core/Repo/Middlewares/ST/STM32_USB_Device_Library/Core/Src/usbd_ctlreq.o
 *fill*         0x200001b9        0x3 
 .bss._ZL9Semaphore
                0x200001bc       0xcc ./Core/Repo/Src/cpp_main.o
 .bss.joystick_input
                0x20000288        0x8 ./Core/Repo/Src/ns_joystick.o
                0x20000288                joystick_input
 .bss.joystick_output
                0x20000290        0x8 ./Core/Repo/Src/ns_joystick.o
                0x20000290                joystick_output
 .bss.hUsbDeviceFS
                0x20000298      0x2dc ./Core/Repo/USB_DEVICE/App/usb_device.o
                0x20000298                hUsbDeviceFS
 .bss.USBD_StrDesc
                0x20000574      0x200 ./Core/Repo/USB_DEVICE/App/usbd_desc.o
                0x20000574                USBD_StrDesc
 .bss.hpcd_USB_FS
                0x20000774      0x2e0 ./Core/Repo/USB_DEVICE/Target/usbd_conf.o
                0x20000774                hpcd_USB_FS
 .bss.mem.0     0x20000a54       0x14 ./Core/Repo/USB_DEVICE/Target/usbd_conf.o
 .bss.htim7     0x20000a68       0x4c ./Core/Src/main.o
                0x20000a68                htim7
 .bss.__sbrk_heap_end
                0x20000ab4        0x4 ./Core/Src/sysmem.o
 .bss.uwTick    0x20000ab8        0x4 ./Drivers/STM32L4xx_HAL_Driver/Src/stm32l4xx_hal.o
                0x20000ab8                uwTick
 .bss.__sf      0x20000abc      0x138 C:/ST/STM32CubeIDE_1.19.0/STM32CubeIDE/plugins/com.st.stm32cube.ide.mcu.externaltools.gnu-tools-for-stm32.13.3.rel1.win32_1.0.0.202411081344/tools/bin/../lib/gcc/arm-none-eabi/13.3.1/../../../../arm-none-eabi/lib/thumb/v7e-m+fp/hard\libc_nano.a(libc_a-findfp.o)
                0x20000abc                __sf
 .bss.__stdio_exit_handler
                0x20000bf4        0x4 C:/ST/STM32CubeIDE_1.19.0/STM32CubeIDE/plugins/com.st.stm32cube.ide.mcu.externaltools.gnu-tools-for-stm32.13.3.rel1.win32_1.0.0.202411081344/tools/bin/../lib/gcc/arm-none-eabi/13.3.1/../../../../arm-none-eabi/lib/thumb/v7e-m+fp/hard\libc_nano.a(libc_a-findfp.o)
                0x20000bf4                __stdio_exit_handler
 .bss.errno     0x20000bf8        0x4 C:/ST/STM32CubeIDE_1.19.0/STM32CubeIDE/plugins/com.st.stm32cube.ide.mcu.externaltools.gnu-tools-for-stm32.13.3.rel1.win32_1.0.0.202411081344/tools/bin/../lib/gcc/arm-none-eabi/13.3.1/../../../../arm-none-eabi/lib/thumb/v7e-m+fp/hard\libc_nano.a(libc_a-reent.o)
                0x20000bf8                errno
 .bss.__lock___malloc_recursive_mutex
                0x20000bfc        0x1 C:/ST/STM32CubeIDE_1.19.0/STM32CubeIDE/plugins/com.st.stm32cube.ide.mcu.externaltools.gnu-tools-for-stm32.13.3.rel1.win32_1.0.0.202411081344/tools/bin/../lib/gcc/arm-none-eabi/13.3.1/../../../../arm-none-eabi/lib/thumb/v7e-m+fp/hard\libc_nano.a(libc_a-lock.o)
                0x20000bfc                __lock___malloc_recursive_mutex
 .bss.__lock___sfp_recursive_mutex
                0x20000bfd        0x1 C:/ST/STM32CubeIDE_1.19.0/STM32CubeIDE/plugins/com.st.stm32cube.ide.mcu.externaltools.gnu-tools-for-stm32.13.3.rel1.win32_1.0.0.202411081344/tools/bin/../lib/gcc/arm-none-eabi/13.3.1/../../../../arm-none-eabi/lib/thumb/v7e-m+fp/hard\libc_nano.a(libc_a-lock.o)
                0x20000bfd                __lock___sfp_recursive_mutex
 *fill*         0x20000bfe        0x2 
 .bss.__malloc_sbrk_start
                0x20000c00        0x4 C:/ST/STM32CubeIDE_1.19.0/STM32CubeIDE/plugins/com.st.stm32cube.ide.mcu.externaltools.gnu-tools-for-stm32.13.3.rel1.win32_1.0.0.202411081344/tools/bin/../lib/gcc/arm-none-eabi/13.3.1/../../../../arm-none-eabi/lib/thumb/v7e-m+fp/hard\libc_nano.a(libc_a-mallocr.o)
                0x20000c00                __malloc_sbrk_start
 .bss.__malloc_free_list
                0x20000c04        0x4 C:/ST/STM32CubeIDE_1.19.0/STM32CubeIDE/plugins/com.st.stm32cube.ide.mcu.externaltools.gnu-tools-for-stm32.13.3.rel1.win32_1.0.0.202411081344/tools/bin/../lib/gcc/arm-none-eabi/13.3.1/../../../../arm-none-eabi/lib/thumb/v7e-m+fp/hard\libc_nano.a(libc_a-mallocr.o)
                0x20000c04                __malloc_free_list
 *(COMMON)
                0x20000c08                        . = ALIGN (0x4)
                0x20000c08                        _ebss = .
                0x20000c08                        __bss_end__ = _ebss

._user_heap_stack
                0x20000c08      0x600 load address 0x0800be9c
                0x20000c08                        . = ALIGN (0x8)
                [!provide]                        PROVIDE (end = .)
                0x20000c08                        PROVIDE (_end = .)
                0x20000e08                        . = (. + _Min_Heap_Size)
 *fill*         0x20000c08      0x200 
                0x20001208                        . = (. + _Min_Stack_Size)
 *fill*         0x20000e08      0x400 
                0x20001208                        . = ALIGN (0x8)

/DISCARD/
 libc.a(*)
 libm.a(*)
 libgcc.a(*)

.ARM.attributes
                0x00000000       0x30
 *(.ARM.attributes)
 .ARM.attributes
                0x00000000       0x22 C:/ST/STM32CubeIDE_1.19.0/STM32CubeIDE/plugins/com.st.stm32cube.ide.mcu.externaltools.gnu-tools-for-stm32.13.3.rel1.win32_1.0.0.202411081344/tools/bin/../lib/gcc/arm-none-eabi/13.3.1/thumb/v7e-m+fp/hard/crti.o
 .ARM.attributes
                0x00000022       0x34 C:/ST/STM32CubeIDE_1.19.0/STM32CubeIDE/plugins/com.st.stm32cube.ide.mcu.externaltools.gnu-tools-for-stm32.13.3.rel1.win32_1.0.0.202411081344/tools/bin/../lib/gcc/arm-none-eabi/13.3.1/thumb/v7e-m+fp/hard/crtbegin.o
 .ARM.attributes
                0x00000056       0x34 ./Core/Repo/Middlewares/ST/STM32_USB_Device_Library/Class/HID/Src/usbd_hid.o
 .ARM.attributes
                0x0000008a       0x34 ./Core/Repo/Middlewares/ST/STM32_USB_Device_Library/Core/Src/usbd_core.o
 .ARM.attributes
                0x000000be       0x34 ./Core/Repo/Middlewares/ST/STM32_USB_Device_Library/Core/Src/usbd_ctlreq.o
 .ARM.attributes
                0x000000f2       0x34 ./Core/Repo/Middlewares/ST/STM32_USB_Device_Library/Core/Src/usbd_ioreq.o
 .ARM.attributes
                0x00000126       0x34 ./Core/Repo/Src/ButtonDriver.o
 .ARM.attributes
                0x0000015a       0x34 ./Core/Repo/Src/InputDriver.o
 .ARM.attributes
                0x0000018e       0x34 ./Core/Repo/Src/Macros.o
 .ARM.attributes
                0x000001c2       0x34 ./Core/Repo/Src/SSD1306_SPI_Driver.o
 .ARM.attributes
                0x000001f6       0x34 ./Core/Repo/Src/StateDriver.o
 .ARM.attributes
                0x0000022a       0x34 ./Core/Repo/Src/SwitchDriver.o
 .ARM.attributes
                0x0000025e       0x34 ./Core/Repo/Src/cpp_main.o
 .ARM.attributes
                0x00000292       0x34 ./Core/Repo/Src/ns_joystick.o
 .ARM.attributes
                0x000002c6       0x34 ./Core/Repo/Src/queue.o
 .ARM.attributes
                0x000002fa       0x34 ./Core/Repo/USB_DEVICE/App/usb_device.o
 .ARM.attributes
                0x0000032e       0x34 ./Core/Repo/USB_DEVICE/App/usbd_desc.o
 .ARM.attributes
                0x00000362       0x34 ./Core/Repo/USB_DEVICE/Target/usbd_conf.o
 .ARM.attributes
                0x00000396       0x34 ./Core/Src/main.o
 .ARM.attributes
                0x000003ca       0x34 ./Core/Src/stm32l4xx_hal_msp.o
 .ARM.attributes
                0x000003fe       0x34 ./Core/Src/stm32l4xx_it.o
 .ARM.attributes
                0x00000432       0x34 ./Core/Src/syscalls.o
 .ARM.attributes
                0x00000466       0x34 ./Core/Src/sysmem.o
 .ARM.attributes
                0x0000049a       0x34 ./Core/Src/system_stm32l4xx.o
 .ARM.attributes
                0x000004ce       0x21 ./Core/Startup/startup_stm32l432kcux.o
 .ARM.attributes
                0x000004ef       0x34 ./Drivers/STM32L4xx_HAL_Driver/Src/stm32l4xx_hal.o
 .ARM.attributes
                0x00000523       0x34 ./Drivers/STM32L4xx_HAL_Driver/Src/stm32l4xx_hal_cortex.o
 .ARM.attributes
                0x00000557       0x34 ./Drivers/STM32L4xx_HAL_Driver/Src/stm32l4xx_hal_pcd.o
 .ARM.attributes
                0x0000058b       0x34 ./Drivers/STM32L4xx_HAL_Driver/Src/stm32l4xx_hal_pcd_ex.o
 .ARM.attributes
                0x000005bf       0x34 ./Drivers/STM32L4xx_HAL_Driver/Src/stm32l4xx_hal_pwr_ex.o
 .ARM.attributes
                0x000005f3       0x34 ./Drivers/STM32L4xx_HAL_Driver/Src/stm32l4xx_hal_rcc.o
 .ARM.attributes
                0x00000627       0x34 ./Drivers/STM32L4xx_HAL_Driver/Src/stm32l4xx_hal_rcc_ex.o
 .ARM.attributes
                0x0000065b       0x34 ./Drivers/STM32L4xx_HAL_Driver/Src/stm32l4xx_hal_tim.o
 .ARM.attributes
                0x0000068f       0x34 ./Drivers/STM32L4xx_HAL_Driver/Src/stm32l4xx_hal_tim_ex.o
 .ARM.attributes
                0x000006c3       0x34 ./Drivers/STM32L4xx_HAL_Driver/Src/stm32l4xx_ll_gpio.o
 .ARM.attributes
                0x000006f7       0x34 ./Drivers/STM32L4xx_HAL_Driver/Src/stm32l4xx_ll_spi.o
 .ARM.attributes
                0x0000072b       0x34 ./Drivers/STM32L4xx_HAL_Driver/Src/stm32l4xx_ll_usb.o
 .ARM.attributes
                0x0000075f       0x34 C:/ST/STM32CubeIDE_1.19.0/STM32CubeIDE/plugins/com.st.stm32cube.ide.mcu.externaltools.gnu-tools-for-stm32.13.3.rel1.win32_1.0.0.202411081344/tools/bin/../lib/gcc/arm-none-eabi/13.3.1/../../../../arm-none-eabi/lib/thumb/v7e-m+fp/hard\libc_nano.a(libc_a-assert.o)
 .ARM.attributes
                0x00000793       0x34 C:/ST/STM32CubeIDE_1.19.0/STM32CubeIDE/plugins/com.st.stm32cube.ide.mcu.externaltools.gnu-tools-for-stm32.13.3.rel1.win32_1.0.0.202411081344/tools/bin/../lib/gcc/arm-none-eabi/13.3.1/../../../../arm-none-eabi/lib/thumb/v7e-m+fp/hard\libc_nano.a(libc_a-findfp.o)
 .ARM.attributes
                0x000007c7       0x34 C:/ST/STM32CubeIDE_1.19.0/STM32CubeIDE/plugins/com.st.stm32cube.ide.mcu.externaltools.gnu-tools-for-stm32.13.3.rel1.win32_1.0.0.202411081344/tools/bin/../lib/gcc/arm-none-eabi/13.3.1/../../../../arm-none-eabi/lib/thumb/v7e-m+fp/hard\libc_nano.a(libc_a-fprintf.o)
 .ARM.attributes
                0x000007fb       0x34 C:/ST/STM32CubeIDE_1.19.0/STM32CubeIDE/plugins/com.st.stm32cube.ide.mcu.externaltools.gnu-tools-for-stm32.13.3.rel1.win32_1.0.0.202411081344/tools/bin/../lib/gcc/arm-none-eabi/13.3.1/../../../../arm-none-eabi/lib/thumb/v7e-m+fp/hard\libc_nano.a(libc_a-fwalk.o)
 .ARM.attributes
                0x0000082f       0x34 C:/ST/STM32CubeIDE_1.19.0/STM32CubeIDE/plugins/com.st.stm32cube.ide.mcu.externaltools.gnu-tools-for-stm32.13.3.rel1.win32_1.0.0.202411081344/tools/bin/../lib/gcc/arm-none-eabi/13.3.1/../../../../arm-none-eabi/lib/thumb/v7e-m+fp/hard\libc_nano.a(libc_a-stdio.o)
 .ARM.attributes
                0x00000863       0x34 C:/ST/STM32CubeIDE_1.19.0/STM32CubeIDE/plugins/com.st.stm32cube.ide.mcu.externaltools.gnu-tools-for-stm32.13.3.rel1.win32_1.0.0.202411081344/tools/bin/../lib/gcc/arm-none-eabi/13.3.1/../../../../arm-none-eabi/lib/thumb/v7e-m+fp/hard\libc_nano.a(libc_a-memset.o)
 .ARM.attributes
                0x00000897       0x34 C:/ST/STM32CubeIDE_1.19.0/STM32CubeIDE/plugins/com.st.stm32cube.ide.mcu.externaltools.gnu-tools-for-stm32.13.3.rel1.win32_1.0.0.202411081344/tools/bin/../lib/gcc/arm-none-eabi/13.3.1/../../../../arm-none-eabi/lib/thumb/v7e-m+fp/hard\libc_nano.a(libc_a-closer.o)
 .ARM.attributes